#! /usr/bin/env bash
exec /home/angelmcs/miniconda3/envs/digital/bin/vvp -f "$0" "$@" <<'# EOF'
:ivl_version "13.0 (devel)" "(0_8-6859-gf50cc35d2-dirty)";
:ivl_delay_selection "TYPICAL";
:vpi_time_precision - 12;
:vpi_module "/home/angelmcs/miniconda3/envs/digital/lib/ivl/system.vpi";
:vpi_module "/home/angelmcs/miniconda3/envs/digital/lib/ivl/vhdl_sys.vpi";
:vpi_module "/home/angelmcs/miniconda3/envs/digital/lib/ivl/vhdl_textio.vpi";
:vpi_module "/home/angelmcs/miniconda3/envs/digital/lib/ivl/v2005_math.vpi";
:vpi_module "/home/angelmcs/miniconda3/envs/digital/lib/ivl/va_math.vpi";
S_0x93edf40 .scope module, "tb_BinToBcd_Top" "tb_BinToBcd_Top" 2 3;
 .timescale -9 -12;
v0x94459d0_0 .var "bcd_esperado", 15 0;
v0x9445ad0_0 .net "bcd_out", 15 0, L_0x9446550;  1 drivers
v0x9445b90_0 .var "bin_in", 12 0;
v0x9445c80_0 .var "clk", 0 0;
v0x9445d20_0 .net "done", 0 0, v0x9443930_0;  1 drivers
v0x9445e10_0 .var/i "errores", 31 0;
v0x9445ed0_0 .var/i "h", 31 0;
v0x9445fb0_0 .var/i "i", 31 0;
v0x9446090_0 .var "init", 0 0;
v0x94461c0_0 .var "reset", 0 0;
v0x94462b0_0 .var/i "t", 31 0;
v0x9446390_0 .var/i "th", 31 0;
v0x9446470_0 .var/i "u", 31 0;
E_0x93ff530 .event anyedge, v0x9442da0_0;
S_0x941b990 .scope module, "uut" "BinToBcd_Top" 2 22, 3 1 0, S_0x93edf40;
 .timescale -9 -12;
    .port_info 0 /INPUT 1 "clk";
    .port_info 1 /INPUT 1 "reset";
    .port_info 2 /INPUT 1 "init";
    .port_info 3 /INPUT 13 "bin_in";
    .port_info 4 /OUTPUT 16 "bcd_out";
    .port_info 5 /OUTPUT 1 "done";
v0x9444b20_0 .net "bcd_adj_val", 15 0, L_0x9457e30;  1 drivers
v0x9444c50_0 .net "bcd_out", 15 0, L_0x9446550;  alias, 1 drivers
v0x9444d30_0 .net "bin_in", 12 0, v0x9445b90_0;  1 drivers
v0x9444dd0_0 .net "c", 0 0, L_0x9458380;  1 drivers
v0x9444ec0_0 .net "clk", 0 0, v0x9445c80_0;  1 drivers
v0x9445040_0 .net "count_w", 4 0, v0x9442cd0_0;  1 drivers
v0x94450e0_0 .net "done", 0 0, v0x9443930_0;  alias, 1 drivers
v0x94451d0_0 .net "eval_bcd", 0 0, v0x9443a00_0;  1 drivers
v0x94452c0_0 .net "i_w", 4 0, v0x9442760_0;  1 drivers
v0x9445410_0 .net "init", 0 0, v0x9446090_0;  1 drivers
v0x94454b0_0 .net "need_adj", 0 0, L_0x94220d0;  1 drivers
v0x94455a0_0 .net "reset", 0 0, v0x94461c0_0;  1 drivers
v0x9445640_0 .net "rst", 0 0, v0x9443cd0_0;  1 drivers
v0x9445770_0 .net "shift_reg_val", 28 0, v0x9444960_0;  1 drivers
v0x9445810_0 .net "sumi", 0 0, v0x9443e80_0;  1 drivers
v0x94458b0_0 .net "zz", 0 0, L_0x9458470;  1 drivers
L_0x9446550 .part v0x9444960_0, 13, 16;
L_0x94582e0 .part v0x9444960_0, 13, 16;
S_0x941ace0 .scope module, "Box_Ajuste" "Ajuste_BCD" 3 26, 4 1 0, S_0x941b990;
 .timescale -9 -12;
    .port_info 0 /INPUT 16 "bcd_in";
    .port_info 1 /OUTPUT 16 "bcd_out";
    .port_info 2 /OUTPUT 1 "need_adj";
L_0x93ea3b0 .functor OR 1, L_0x9456b10, L_0x9456dd0, C4<0>, C4<0>;
L_0x941d9a0 .functor OR 1, L_0x93ea3b0, L_0x94570f0, C4<0>, C4<0>;
L_0x94220d0 .functor OR 1, L_0x941d9a0, L_0x9457380, C4<0>, C4<0>;
L_0x7859cb888018 .functor BUFT 1, C4<0000000000000000000000000000>, C4<0>, C4<0>, C4<0>;
v0x9409fc0_0 .net *"_ivl_11", 27 0, L_0x7859cb888018;  1 drivers
L_0x7859cb888060 .functor BUFT 1, C4<00000000000000000000000000000101>, C4<0>, C4<0>, C4<0>;
v0x9421450_0 .net/2u *"_ivl_12", 31 0, L_0x7859cb888060;  1 drivers
v0x9421700_0 .net *"_ivl_16", 31 0, L_0x9456c90;  1 drivers
L_0x7859cb8880a8 .functor BUFT 1, C4<0000000000000000000000000000>, C4<0>, C4<0>, C4<0>;
v0x9421b60_0 .net *"_ivl_19", 27 0, L_0x7859cb8880a8;  1 drivers
L_0x7859cb8880f0 .functor BUFT 1, C4<00000000000000000000000000000101>, C4<0>, C4<0>, C4<0>;
v0x93ed190_0 .net/2u *"_ivl_20", 31 0, L_0x7859cb8880f0;  1 drivers
v0x93ea500_0 .net *"_ivl_24", 31 0, L_0x9456f60;  1 drivers
L_0x7859cb888138 .functor BUFT 1, C4<0000000000000000000000000000>, C4<0>, C4<0>, C4<0>;
v0x941daf0_0 .net *"_ivl_27", 27 0, L_0x7859cb888138;  1 drivers
L_0x7859cb888180 .functor BUFT 1, C4<00000000000000000000000000000101>, C4<0>, C4<0>, C4<0>;
v0x943ff00_0 .net/2u *"_ivl_28", 31 0, L_0x7859cb888180;  1 drivers
v0x943ffe0_0 .net *"_ivl_32", 31 0, L_0x9457290;  1 drivers
L_0x7859cb8881c8 .functor BUFT 1, C4<0000000000000000000000000000>, C4<0>, C4<0>, C4<0>;
v0x94400c0_0 .net *"_ivl_35", 27 0, L_0x7859cb8881c8;  1 drivers
L_0x7859cb888210 .functor BUFT 1, C4<00000000000000000000000000000101>, C4<0>, C4<0>, C4<0>;
v0x94401a0_0 .net/2u *"_ivl_36", 31 0, L_0x7859cb888210;  1 drivers
v0x9440280_0 .net *"_ivl_40", 0 0, L_0x93ea3b0;  1 drivers
v0x9440360_0 .net *"_ivl_42", 0 0, L_0x941d9a0;  1 drivers
L_0x7859cb888258 .functor BUFT 1, C4<0011>, C4<0>, C4<0>, C4<0>;
v0x9440440_0 .net/2u *"_ivl_46", 3 0, L_0x7859cb888258;  1 drivers
v0x9440520_0 .net *"_ivl_48", 3 0, L_0x94577a0;  1 drivers
L_0x7859cb8882a0 .functor BUFT 1, C4<0011>, C4<0>, C4<0>, C4<0>;
v0x9440600_0 .net/2u *"_ivl_52", 3 0, L_0x7859cb8882a0;  1 drivers
v0x94406e0_0 .net *"_ivl_54", 3 0, L_0x94579f0;  1 drivers
L_0x7859cb8882e8 .functor BUFT 1, C4<0011>, C4<0>, C4<0>, C4<0>;
v0x94407c0_0 .net/2u *"_ivl_58", 3 0, L_0x7859cb8882e8;  1 drivers
v0x94408a0_0 .net *"_ivl_60", 3 0, L_0x9457ca0;  1 drivers
L_0x7859cb888330 .functor BUFT 1, C4<0011>, C4<0>, C4<0>, C4<0>;
v0x9440980_0 .net/2u *"_ivl_64", 3 0, L_0x7859cb888330;  1 drivers
v0x9440a60_0 .net *"_ivl_66", 3 0, L_0x9457ed0;  1 drivers
v0x9440b40_0 .net *"_ivl_8", 31 0, L_0x9446a10;  1 drivers
v0x9440c20_0 .net "bcd_in", 15 0, L_0x94582e0;  1 drivers
v0x9440d00_0 .net "bcd_out", 15 0, L_0x9457e30;  alias, 1 drivers
v0x9440de0_0 .net "c", 3 0, L_0x9446840;  1 drivers
v0x9440ec0_0 .net "c_next", 3 0, L_0x9457d90;  1 drivers
v0x9440fa0_0 .net "cc", 0 0, L_0x94570f0;  1 drivers
v0x9441060_0 .net "d", 3 0, L_0x9446750;  1 drivers
v0x9441140_0 .net "d_next", 3 0, L_0x9457ae0;  1 drivers
v0x9441220_0 .net "dd", 0 0, L_0x9456dd0;  1 drivers
v0x94412e0_0 .net "m", 3 0, L_0x94468e0;  1 drivers
v0x94413c0_0 .net "m_next", 3 0, L_0x9457fc0;  1 drivers
v0x94414a0_0 .net "mm", 0 0, L_0x9457380;  1 drivers
v0x9441770_0 .net "need_adj", 0 0, L_0x94220d0;  alias, 1 drivers
v0x9441830_0 .net "u", 3 0, L_0x94466b0;  1 drivers
v0x9441910_0 .net "u_next", 3 0, L_0x9457840;  1 drivers
v0x94419f0_0 .net "uu", 0 0, L_0x9456b10;  1 drivers
L_0x94466b0 .part L_0x94582e0, 0, 4;
L_0x9446750 .part L_0x94582e0, 4, 4;
L_0x9446840 .part L_0x94582e0, 8, 4;
L_0x94468e0 .part L_0x94582e0, 12, 4;
L_0x9446a10 .concat [ 4 28 0 0], L_0x94466b0, L_0x7859cb888018;
L_0x9456b10 .cmp/ge 32, L_0x9446a10, L_0x7859cb888060;
L_0x9456c90 .concat [ 4 28 0 0], L_0x9446750, L_0x7859cb8880a8;
L_0x9456dd0 .cmp/ge 32, L_0x9456c90, L_0x7859cb8880f0;
L_0x9456f60 .concat [ 4 28 0 0], L_0x9446840, L_0x7859cb888138;
L_0x94570f0 .cmp/ge 32, L_0x9456f60, L_0x7859cb888180;
L_0x9457290 .concat [ 4 28 0 0], L_0x94468e0, L_0x7859cb8881c8;
L_0x9457380 .cmp/ge 32, L_0x9457290, L_0x7859cb888210;
L_0x94577a0 .arith/sum 4, L_0x94466b0, L_0x7859cb888258;
L_0x9457840 .functor MUXZ 4, L_0x94466b0, L_0x94577a0, L_0x9456b10, C4<>;
L_0x94579f0 .arith/sum 4, L_0x9446750, L_0x7859cb8882a0;
L_0x9457ae0 .functor MUXZ 4, L_0x9446750, L_0x94579f0, L_0x9456dd0, C4<>;
L_0x9457ca0 .arith/sum 4, L_0x9446840, L_0x7859cb8882e8;
L_0x9457d90 .functor MUXZ 4, L_0x9446840, L_0x9457ca0, L_0x94570f0, C4<>;
L_0x9457ed0 .arith/sum 4, L_0x94468e0, L_0x7859cb888330;
L_0x9457fc0 .functor MUXZ 4, L_0x94468e0, L_0x9457ed0, L_0x9457380, C4<>;
L_0x9457e30 .concat [ 4 4 4 4], L_0x9457840, L_0x9457ae0, L_0x9457d90, L_0x9457fc0;
S_0x9441b30 .scope module, "Comp_I" "comparador" 3 34, 4 21 0, S_0x941b990;
 .timescale -9 -12;
    .port_info 0 /INPUT 5 "in";
    .port_info 1 /INPUT 5 "COMP";
    .port_info 2 /OUTPUT 1 "equal";
L_0x7859cb888378 .functor BUFT 1, C4<01100>, C4<0>, C4<0>, C4<0>;
v0x9441cc0_0 .net "COMP", 4 0, L_0x7859cb888378;  1 drivers
v0x9441dc0_0 .net "equal", 0 0, L_0x9458380;  alias, 1 drivers
v0x9441e80_0 .net "in", 4 0, v0x9442760_0;  alias, 1 drivers
L_0x9458380 .cmp/eq 5, v0x9442760_0, L_0x7859cb888378;
S_0x9441fc0 .scope module, "Comp_Wait" "comparador" 3 40, 4 21 0, S_0x941b990;
 .timescale -9 -12;
    .port_info 0 /INPUT 5 "in";
    .port_info 1 /INPUT 5 "COMP";
    .port_info 2 /OUTPUT 1 "equal";
L_0x7859cb8883c0 .functor BUFT 1, C4<11011>, C4<0>, C4<0>, C4<0>;
v0x94421a0_0 .net "COMP", 4 0, L_0x7859cb8883c0;  1 drivers
v0x9442280_0 .net "equal", 0 0, L_0x9458470;  alias, 1 drivers
v0x9442340_0 .net "in", 4 0, v0x9442cd0_0;  alias, 1 drivers
L_0x9458470 .cmp/eq 5, v0x9442cd0_0, L_0x7859cb8883c0;
S_0x9442480 .scope module, "Contador_I" "contador" 3 31, 4 26 0, S_0x941b990;
 .timescale -9 -12;
    .port_info 0 /INPUT 1 "clk";
    .port_info 1 /INPUT 1 "rst";
    .port_info 2 /INPUT 1 "en";
    .port_info 3 /OUTPUT 5 "count";
v0x9442680_0 .net "clk", 0 0, v0x9445c80_0;  alias, 1 drivers
v0x9442760_0 .var "count", 4 0;
v0x9442820_0 .net "en", 0 0, v0x9443e80_0;  alias, 1 drivers
v0x94428c0_0 .net "rst", 0 0, v0x9443cd0_0;  alias, 1 drivers
E_0x9423920 .event posedge, v0x9442680_0;
S_0x94429e0 .scope module, "Contador_Wait" "contador" 3 37, 4 26 0, S_0x941b990;
 .timescale -9 -12;
    .port_info 0 /INPUT 1 "clk";
    .port_info 1 /INPUT 1 "rst";
    .port_info 2 /INPUT 1 "en";
    .port_info 3 /OUTPUT 5 "count";
v0x9442c10_0 .net "clk", 0 0, v0x9445c80_0;  alias, 1 drivers
v0x9442cd0_0 .var "count", 4 0;
v0x9442da0_0 .net "en", 0 0, v0x9443930_0;  alias, 1 drivers
v0x9442e70_0 .net "rst", 0 0, v0x9443cd0_0;  alias, 1 drivers
S_0x9442fb0 .scope module, "ControlUnit" "fsm_bintobcd" 3 16, 5 1 0, S_0x941b990;
 .timescale -9 -12;
    .port_info 0 /INPUT 1 "clk";
    .port_info 1 /INPUT 1 "init";
    .port_info 2 /INPUT 1 "reset";
    .port_info 3 /INPUT 1 "need_adj";
    .port_info 4 /INPUT 1 "c";
    .port_info 5 /INPUT 1 "zz";
    .port_info 6 /OUTPUT 1 "rst";
    .port_info 7 /OUTPUT 1 "eval_bcd";
    .port_info 8 /OUTPUT 1 "sumi";
    .port_info 9 /OUTPUT 1 "done";
P_0x9443190 .param/l "CHECK" 0 5 14, +C4<00000000000000000000000000000001>;
P_0x94431d0 .param/l "CHECKYSUM" 0 5 15, +C4<00000000000000000000000000000010>;
P_0x9443210 .param/l "DONE_ST" 0 5 17, +C4<00000000000000000000000000000100>;
P_0x9443250 .param/l "SHIFT" 0 5 16, +C4<00000000000000000000000000000011>;
P_0x9443290 .param/l "START" 0 5 13, +C4<00000000000000000000000000000000>;
v0x9443750_0 .net "c", 0 0, L_0x9458380;  alias, 1 drivers
v0x9443840_0 .net "clk", 0 0, v0x9445c80_0;  alias, 1 drivers
v0x9443930_0 .var "done", 0 0;
v0x9443a00_0 .var "eval_bcd", 0 0;
v0x9443aa0_0 .net "init", 0 0, v0x9446090_0;  alias, 1 drivers
v0x9443b90_0 .net "need_adj", 0 0, L_0x94220d0;  alias, 1 drivers
v0x9443c30_0 .net "reset", 0 0, v0x94461c0_0;  alias, 1 drivers
v0x9443cd0_0 .var "rst", 0 0;
v0x9443dc0_0 .var "state", 2 0;
v0x9443e80_0 .var "sumi", 0 0;
v0x9443f20_0 .net "zz", 0 0, L_0x9458470;  alias, 1 drivers
E_0x9423960 .event anyedge, v0x9443dc0_0;
S_0x9444150 .scope module, "Reg_Datos" "Registro_Shift_BCD" 3 21, 6 1 0, S_0x941b990;
 .timescale -9 -12;
    .port_info 0 /INPUT 1 "clk";
    .port_info 1 /INPUT 1 "rst";
    .port_info 2 /INPUT 1 "shft";
    .port_info 3 /INPUT 1 "load_bcd";
    .port_info 4 /INPUT 13 "bin_in";
    .port_info 5 /INPUT 16 "bcd_adj_in";
    .port_info 6 /OUTPUT 29 "shift_reg";
v0x9444410_0 .net "bcd_adj_in", 15 0, L_0x9457e30;  alias, 1 drivers
v0x9444520_0 .net "bin_in", 12 0, v0x9445b90_0;  alias, 1 drivers
v0x94445e0_0 .net "clk", 0 0, v0x9445c80_0;  alias, 1 drivers
v0x94446b0_0 .net "load_bcd", 0 0, v0x9443a00_0;  alias, 1 drivers
v0x9444780_0 .net "rst", 0 0, v0x9443cd0_0;  alias, 1 drivers
v0x9444870_0 .net "shft", 0 0, v0x9443e80_0;  alias, 1 drivers
v0x9444960_0 .var "shift_reg", 28 0;
    .scope S_0x9442fb0;
T_0 ;
    %wait E_0x9423920;
    %load/vec4 v0x9443c30_0;
    %flag_set/vec4 8;
    %jmp/0xz  T_0.0, 8;
    %pushi/vec4 0, 0, 3;
    %assign/vec4 v0x9443dc0_0, 0;
    %jmp T_0.1;
T_0.0 ;
    %load/vec4 v0x9443dc0_0;
    %dup/vec4;
    %pushi/vec4 0, 0, 3;
    %cmp/u;
    %jmp/1 T_0.2, 6;
    %dup/vec4;
    %pushi/vec4 1, 0, 3;
    %cmp/u;
    %jmp/1 T_0.3, 6;
    %dup/vec4;
    %pushi/vec4 2, 0, 3;
    %cmp/u;
    %jmp/1 T_0.4, 6;
    %dup/vec4;
    %pushi/vec4 3, 0, 3;
    %cmp/u;
    %jmp/1 T_0.5, 6;
    %dup/vec4;
    %pushi/vec4 4, 0, 3;
    %cmp/u;
    %jmp/1 T_0.6, 6;
    %pushi/vec4 0, 0, 3;
    %assign/vec4 v0x9443dc0_0, 0;
    %jmp T_0.8;
T_0.2 ;
    %load/vec4 v0x9443aa0_0;
    %flag_set/vec4 8;
    %jmp/0 T_0.9, 8;
    %pushi/vec4 1, 0, 32;
    %jmp/1 T_0.10, 8;
T_0.9 ; End of true expr.
    %pushi/vec4 0, 0, 32;
    %jmp/0 T_0.10, 8;
 ; End of false expr.
    %blend;
T_0.10;
    %pad/s 3;
    %assign/vec4 v0x9443dc0_0, 0;
    %jmp T_0.8;
T_0.3 ;
    %load/vec4 v0x9443b90_0;
    %flag_set/vec4 8;
    %jmp/0 T_0.11, 8;
    %pushi/vec4 2, 0, 32;
    %jmp/1 T_0.12, 8;
T_0.11 ; End of true expr.
    %pushi/vec4 3, 0, 32;
    %jmp/0 T_0.12, 8;
 ; End of false expr.
    %blend;
T_0.12;
    %pad/s 3;
    %assign/vec4 v0x9443dc0_0, 0;
    %jmp T_0.8;
T_0.4 ;
    %pushi/vec4 3, 0, 3;
    %assign/vec4 v0x9443dc0_0, 0;
    %jmp T_0.8;
T_0.5 ;
    %load/vec4 v0x9443750_0;
    %flag_set/vec4 8;
    %jmp/0 T_0.13, 8;
    %pushi/vec4 4, 0, 32;
    %jmp/1 T_0.14, 8;
T_0.13 ; End of true expr.
    %pushi/vec4 1, 0, 32;
    %jmp/0 T_0.14, 8;
 ; End of false expr.
    %blend;
T_0.14;
    %pad/s 3;
    %assign/vec4 v0x9443dc0_0, 0;
    %jmp T_0.8;
T_0.6 ;
    %load/vec4 v0x9443f20_0;
    %flag_set/vec4 8;
    %jmp/0 T_0.15, 8;
    %pushi/vec4 0, 0, 32;
    %jmp/1 T_0.16, 8;
T_0.15 ; End of true expr.
    %pushi/vec4 4, 0, 32;
    %jmp/0 T_0.16, 8;
 ; End of false expr.
    %blend;
T_0.16;
    %pad/s 3;
    %assign/vec4 v0x9443dc0_0, 0;
    %jmp T_0.8;
T_0.8 ;
    %pop/vec4 1;
T_0.1 ;
    %jmp T_0;
    .thread T_0;
    .scope S_0x9442fb0;
T_1 ;
    %wait E_0x9423960;
    %load/vec4 v0x9443dc0_0;
    %dup/vec4;
    %pushi/vec4 0, 0, 3;
    %cmp/u;
    %jmp/1 T_1.0, 6;
    %dup/vec4;
    %pushi/vec4 1, 0, 3;
    %cmp/u;
    %jmp/1 T_1.1, 6;
    %dup/vec4;
    %pushi/vec4 2, 0, 3;
    %cmp/u;
    %jmp/1 T_1.2, 6;
    %dup/vec4;
    %pushi/vec4 3, 0, 3;
    %cmp/u;
    %jmp/1 T_1.3, 6;
    %dup/vec4;
    %pushi/vec4 4, 0, 3;
    %cmp/u;
    %jmp/1 T_1.4, 6;
    %pushi/vec4 0, 0, 1;
    %store/vec4 v0x9443cd0_0, 0, 1;
    %pushi/vec4 0, 0, 1;
    %store/vec4 v0x9443a00_0, 0, 1;
    %pushi/vec4 0, 0, 1;
    %store/vec4 v0x9443e80_0, 0, 1;
    %pushi/vec4 0, 0, 1;
    %store/vec4 v0x9443930_0, 0, 1;
    %jmp T_1.6;
T_1.0 ;
    %pushi/vec4 1, 0, 1;
    %store/vec4 v0x9443cd0_0, 0, 1;
    %pushi/vec4 0, 0, 1;
    %store/vec4 v0x9443a00_0, 0, 1;
    %pushi/vec4 0, 0, 1;
    %store/vec4 v0x9443e80_0, 0, 1;
    %pushi/vec4 0, 0, 1;
    %store/vec4 v0x9443930_0, 0, 1;
    %jmp T_1.6;
T_1.1 ;
    %pushi/vec4 0, 0, 1;
    %store/vec4 v0x9443cd0_0, 0, 1;
    %pushi/vec4 0, 0, 1;
    %store/vec4 v0x9443a00_0, 0, 1;
    %pushi/vec4 0, 0, 1;
    %store/vec4 v0x9443e80_0, 0, 1;
    %pushi/vec4 0, 0, 1;
    %store/vec4 v0x9443930_0, 0, 1;
    %jmp T_1.6;
T_1.2 ;
    %pushi/vec4 0, 0, 1;
    %store/vec4 v0x9443cd0_0, 0, 1;
    %pushi/vec4 1, 0, 1;
    %store/vec4 v0x9443a00_0, 0, 1;
    %pushi/vec4 0, 0, 1;
    %store/vec4 v0x9443e80_0, 0, 1;
    %pushi/vec4 0, 0, 1;
    %store/vec4 v0x9443930_0, 0, 1;
    %jmp T_1.6;
T_1.3 ;
    %pushi/vec4 0, 0, 1;
    %store/vec4 v0x9443cd0_0, 0, 1;
    %pushi/vec4 0, 0, 1;
    %store/vec4 v0x9443a00_0, 0, 1;
    %pushi/vec4 1, 0, 1;
    %store/vec4 v0x9443e80_0, 0, 1;
    %pushi/vec4 0, 0, 1;
    %store/vec4 v0x9443930_0, 0, 1;
    %jmp T_1.6;
T_1.4 ;
    %pushi/vec4 0, 0, 1;
    %store/vec4 v0x9443cd0_0, 0, 1;
    %pushi/vec4 0, 0, 1;
    %store/vec4 v0x9443a00_0, 0, 1;
    %pushi/vec4 0, 0, 1;
    %store/vec4 v0x9443e80_0, 0, 1;
    %pushi/vec4 1, 0, 1;
    %store/vec4 v0x9443930_0, 0, 1;
    %jmp T_1.6;
T_1.6 ;
    %pop/vec4 1;
    %jmp T_1;
    .thread T_1, $push;
    .scope S_0x9444150;
T_2 ;
    %wait E_0x9423920;
    %load/vec4 v0x9444780_0;
    %flag_set/vec4 8;
    %jmp/0xz  T_2.0, 8;
    %pushi/vec4 0, 0, 16;
    %load/vec4 v0x9444520_0;
    %concat/vec4; draw_concat_vec4
    %assign/vec4 v0x9444960_0, 0;
    %jmp T_2.1;
T_2.0 ;
    %load/vec4 v0x94446b0_0;
    %flag_set/vec4 8;
    %jmp/0xz  T_2.2, 8;
    %load/vec4 v0x9444410_0;
    %ix/load 4, 13, 0;
    %ix/load 5, 0, 0;
    %flag_set/imm 4, 0;
    %assign/vec4/off/d v0x9444960_0, 4, 5;
    %jmp T_2.3;
T_2.2 ;
    %load/vec4 v0x9444870_0;
    %flag_set/vec4 8;
    %jmp/0xz  T_2.4, 8;
    %load/vec4 v0x9444960_0;
    %ix/load 4, 1, 0;
    %flag_set/imm 4, 0;
    %shiftl 4;
    %assign/vec4 v0x9444960_0, 0;
T_2.4 ;
T_2.3 ;
T_2.1 ;
    %jmp T_2;
    .thread T_2;
    .scope S_0x9442480;
T_3 ;
    %wait E_0x9423920;
    %load/vec4 v0x94428c0_0;
    %flag_set/vec4 8;
    %jmp/0xz  T_3.0, 8;
    %pushi/vec4 0, 0, 5;
    %assign/vec4 v0x9442760_0, 0;
    %jmp T_3.1;
T_3.0 ;
    %load/vec4 v0x9442820_0;
    %flag_set/vec4 8;
    %jmp/0xz  T_3.2, 8;
    %load/vec4 v0x9442760_0;
    %addi 1, 0, 5;
    %assign/vec4 v0x9442760_0, 0;
T_3.2 ;
T_3.1 ;
    %jmp T_3;
    .thread T_3;
    .scope S_0x94429e0;
T_4 ;
    %wait E_0x9423920;
    %load/vec4 v0x9442e70_0;
    %flag_set/vec4 8;
    %jmp/0xz  T_4.0, 8;
    %pushi/vec4 0, 0, 5;
    %assign/vec4 v0x9442cd0_0, 0;
    %jmp T_4.1;
T_4.0 ;
    %load/vec4 v0x9442da0_0;
    %flag_set/vec4 8;
    %jmp/0xz  T_4.2, 8;
    %load/vec4 v0x9442cd0_0;
    %addi 1, 0, 5;
    %assign/vec4 v0x9442cd0_0, 0;
T_4.2 ;
T_4.1 ;
    %jmp T_4;
    .thread T_4;
    .scope S_0x93edf40;
T_5 ;
    %pushi/vec4 0, 0, 1;
    %store/vec4 v0x9445c80_0, 0, 1;
T_5.0 ;
    %delay 5000, 0;
    %load/vec4 v0x9445c80_0;
    %inv;
    %store/vec4 v0x9445c80_0, 0, 1;
    %jmp T_5.0;
T_5.1 ;
    %end;
    .thread T_5;
    .scope S_0x93edf40;
T_6 ;
    %vpi_call 2 40 "$dumpfile", "tb_bintobcd.vcd" {0 0 0};
    %vpi_call 2 41 "$dumpvars", 32'sb00000000000000000000000000000000, S_0x93edf40 {0 0 0};
    %pushi/vec4 1, 0, 1;
    %store/vec4 v0x94461c0_0, 0, 1;
    %pushi/vec4 0, 0, 1;
    %store/vec4 v0x9446090_0, 0, 1;
    %pushi/vec4 0, 0, 13;
    %store/vec4 v0x9445b90_0, 0, 13;
    %pushi/vec4 0, 0, 32;
    %store/vec4 v0x9445e10_0, 0, 32;
    %delay 20000, 0;
    %pushi/vec4 0, 0, 1;
    %store/vec4 v0x94461c0_0, 0, 1;
    %delay 20000, 0;
    %vpi_call 2 54 "$display", "Iniciando prueba exhaustiva de los 8192 valores..." {0 0 0};
    %pushi/vec4 0, 0, 32;
    %store/vec4 v0x9445fb0_0, 0, 32;
T_6.0 ; Top of for-loop 
    %load/vec4 v0x9445fb0_0;
    %cmpi/s 8192, 0, 32;
    %jmp/0xz T_6.1, 5;
    %load/vec4 v0x9445fb0_0;
    %pushi/vec4 1000, 0, 32;
    %div/s;
    %store/vec4 v0x9446390_0, 0, 32;
    %load/vec4 v0x9445fb0_0;
    %pushi/vec4 1000, 0, 32;
    %mod/s;
    %pushi/vec4 100, 0, 32;
    %div/s;
    %store/vec4 v0x9445ed0_0, 0, 32;
    %load/vec4 v0x9445fb0_0;
    %pushi/vec4 100, 0, 32;
    %mod/s;
    %pushi/vec4 10, 0, 32;
    %div/s;
    %store/vec4 v0x94462b0_0, 0, 32;
    %load/vec4 v0x9445fb0_0;
    %pushi/vec4 10, 0, 32;
    %mod/s;
    %store/vec4 v0x9446470_0, 0, 32;
    %load/vec4 v0x9446390_0;
    %ix/load 4, 12, 0;
    %flag_set/imm 4, 0;
    %shiftl 4;
    %load/vec4 v0x9445ed0_0;
    %ix/load 4, 8, 0;
    %flag_set/imm 4, 0;
    %shiftl 4;
    %or;
    %load/vec4 v0x94462b0_0;
    %ix/load 4, 4, 0;
    %flag_set/imm 4, 0;
    %shiftl 4;
    %or;
    %load/vec4 v0x9446470_0;
    %or;
    %pad/s 16;
    %store/vec4 v0x94459d0_0, 0, 16;
    %load/vec4 v0x9445fb0_0;
    %parti/s 13, 0, 2;
    %store/vec4 v0x9445b90_0, 0, 13;
    %wait E_0x9423920;
    %pushi/vec4 1, 0, 1;
    %store/vec4 v0x9446090_0, 0, 1;
    %wait E_0x9423920;
    %pushi/vec4 0, 0, 1;
    %store/vec4 v0x9446090_0, 0, 1;
T_6.3 ;
    %load/vec4 v0x9445d20_0;
    %pushi/vec4 1, 0, 1;
    %cmp/e;
    %flag_get/vec4 4;
    %cmpi/ne 1, 0, 1;
    %jmp/0xz T_6.4, 6;
    %wait E_0x93ff530;
    %jmp T_6.3;
T_6.4 ;
    %load/vec4 v0x9445ad0_0;
    %load/vec4 v0x94459d0_0;
    %cmp/ne;
    %jmp/0xz  T_6.5, 6;
    %vpi_call 2 81 "$display", "ERROR en binario: %0d | Esperado (Hex): %04x | Obtenido (Hex): %04x", v0x9445fb0_0, v0x94459d0_0, v0x9445ad0_0 {0 0 0};
    %load/vec4 v0x9445e10_0;
    %addi 1, 0, 32;
    %store/vec4 v0x9445e10_0, 0, 32;
T_6.5 ;
T_6.7 ;
    %load/vec4 v0x9445d20_0;
    %pushi/vec4 0, 0, 1;
    %cmp/e;
    %flag_get/vec4 4;
    %cmpi/ne 1, 0, 1;
    %jmp/0xz T_6.8, 6;
    %wait E_0x93ff530;
    %jmp T_6.7;
T_6.8 ;
    %delay 10000, 0;
T_6.2 ; for-loop step statement
    %load/vec4 v0x9445fb0_0;
    %addi 1, 0, 32;
    %store/vec4 v0x9445fb0_0, 0, 32;
    %jmp T_6.0;
T_6.1 ; for-loop exit label
    %vpi_call 2 93 "$display", "--------------------------------------------------" {0 0 0};
    %load/vec4 v0x9445e10_0;
    %cmpi/e 0, 0, 32;
    %jmp/0xz  T_6.9, 4;
    %vpi_call 2 95 "$display", "\302\241\303\211XITO TOTAL! Los 8192 valores se convirtieron perfectamente." {0 0 0};
    %jmp T_6.10;
T_6.9 ;
    %vpi_call 2 97 "$display", "FALLA: Se detectaron %0d errores en la conversi\303\263n.", v0x9445e10_0 {0 0 0};
T_6.10 ;
    %vpi_call 2 98 "$display", "--------------------------------------------------" {0 0 0};
    %vpi_call 2 100 "$finish" {0 0 0};
    %end;
    .thread T_6;
# The file index is used to find the file name in the following table.
:file_names 7;
    "N/A";
    "<interactive>";
    "BintoBcd_TB.v";
    "BintoBcd.v";
    "AjusteBCD.v";
    "fsm.v";
    "RegistroBcd.v";
# EOF
