#! /usr/bin/env bash
exec /home/angelmcs/miniconda3/envs/digital/bin/vvp -f "$0" "$@" <<'# EOF'
:ivl_version "13.0 (devel)" "(0_8-6859-gf50cc35d2-dirty)";
:ivl_delay_selection "TYPICAL";
:vpi_time_precision - 12;
:vpi_module "/home/angelmcs/miniconda3/envs/digital/lib/ivl/system.vpi";
:vpi_module "/home/angelmcs/miniconda3/envs/digital/lib/ivl/vhdl_sys.vpi";
:vpi_module "/home/angelmcs/miniconda3/envs/digital/lib/ivl/vhdl_textio.vpi";
:vpi_module "/home/angelmcs/miniconda3/envs/digital/lib/ivl/v2005_math.vpi";
:vpi_module "/home/angelmcs/miniconda3/envs/digital/lib/ivl/va_math.vpi";
S_0x3d5643e0 .scope module, "BcdToBin_Top_TB" "BcdToBin_Top_TB" 2 4;
 .timescale -9 -12;
P_0x3d56d4d0 .param/real "DUTY_CYCLE" 0 2 23, Cr<m4000000000000000gfc1>; value=0.500000
P_0x3d56d510 .param/l "OFFSET" 0 2 24, +C4<00000000000000000000000000000000>;
P_0x3d56d550 .param/l "PERIOD" 0 2 22, +C4<00000000000000000000000000101000>;
v0x3d590550_0 .var "bcd", 15 0;
v0x3d590680_0 .net "bin", 12 0, L_0x3d590ab0;  1 drivers
v0x3d590740_0 .var "clk", 0 0;
v0x3d5907e0_0 .net "done", 0 0, v0x3d58a260_0;  1 drivers
v0x3d590880_0 .var "init", 0 0;
v0x3d5909c0_0 .var "reset", 0 0;
E_0x3d53a950 .event negedge, v0x3d589650_0;
E_0x3d5183f0 .event negedge, v0x3d588ef0_0;
S_0x3d567b20 .scope begin, "TEST_CASE" "TEST_CASE" 2 66, 2 66 0, S_0x3d5643e0;
 .timescale -9 -12;
S_0x3d5696c0 .scope module, "uut" "BcdToBin_Top" 2 13, 3 1 0, S_0x3d5643e0;
 .timescale -9 -12;
    .port_info 0 /INPUT 1 "clk";
    .port_info 1 /INPUT 1 "reset";
    .port_info 2 /INPUT 1 "init";
    .port_info 3 /INPUT 16 "bcd";
    .port_info 4 /OUTPUT 13 "bin";
    .port_info 5 /OUTPUT 1 "done";
L_0x3d56e870 .functor NOT 1, L_0x3d590f30, C4<0>, C4<0>, C4<0>;
L_0x3d56eb40 .functor NOT 1, L_0x3d591060, C4<0>, C4<0>, C4<0>;
L_0x3d55c740 .functor NOT 1, L_0x3d5911a0, C4<0>, C4<0>, C4<0>;
L_0x3d55ad10 .functor NOT 1, L_0x3d591330, C4<0>, C4<0>, C4<0>;
L_0x3d56b890 .functor OR 1, L_0x3d56e870, L_0x3d56eb40, C4<0>, C4<0>;
L_0x3d591540 .functor OR 1, L_0x3d56b890, L_0x3d55c740, C4<0>, C4<0>;
L_0x3d591690 .functor OR 1, L_0x3d591540, L_0x3d55ad10, C4<0>, C4<0>;
L_0x7ced81414648 .functor BUFT 1, C4<0>, C4<0>, C4<0>, C4<0>;
v0x3d58d580_0 .net/2u *"_ivl_104", 0 0, L_0x7ced81414648;  1 drivers
v0x3d58d680_0 .net *"_ivl_11", 0 0, L_0x3d590f30;  1 drivers
L_0x7ced81414768 .functor BUFT 1, C4<0>, C4<0>, C4<0>, C4<0>;
v0x3d58d760_0 .net/2u *"_ivl_114", 0 0, L_0x7ced81414768;  1 drivers
L_0x7ced81414888 .functor BUFT 1, C4<0>, C4<0>, C4<0>, C4<0>;
v0x3d58d820_0 .net/2u *"_ivl_124", 0 0, L_0x7ced81414888;  1 drivers
v0x3d58d900_0 .net *"_ivl_15", 0 0, L_0x3d591060;  1 drivers
v0x3d58da30_0 .net *"_ivl_19", 0 0, L_0x3d5911a0;  1 drivers
v0x3d58db10_0 .net *"_ivl_23", 0 0, L_0x3d591330;  1 drivers
v0x3d58dbf0_0 .net *"_ivl_26", 0 0, L_0x3d56b890;  1 drivers
v0x3d58dcd0_0 .net *"_ivl_28", 0 0, L_0x3d591540;  1 drivers
v0x3d58de40_0 .net *"_ivl_33", 3 0, L_0x3d5917f0;  1 drivers
v0x3d58df20_0 .net *"_ivl_37", 3 0, L_0x3d591a30;  1 drivers
v0x3d58e000_0 .net *"_ivl_41", 3 0, L_0x3d591cd0;  1 drivers
v0x3d58e0e0_0 .net *"_ivl_45", 3 0, L_0x3d591f80;  1 drivers
L_0x7ced814140a8 .functor BUFT 1, C4<0>, C4<0>, C4<0>, C4<0>;
v0x3d58e1c0_0 .net/2u *"_ivl_54", 0 0, L_0x7ced814140a8;  1 drivers
L_0x7ced814141c8 .functor BUFT 1, C4<0>, C4<0>, C4<0>, C4<0>;
v0x3d58e2a0_0 .net/2u *"_ivl_64", 0 0, L_0x7ced814141c8;  1 drivers
L_0x7ced814142e8 .functor BUFT 1, C4<0>, C4<0>, C4<0>, C4<0>;
v0x3d58e380_0 .net/2u *"_ivl_74", 0 0, L_0x7ced814142e8;  1 drivers
L_0x7ced81414408 .functor BUFT 1, C4<0>, C4<0>, C4<0>, C4<0>;
v0x3d58e460_0 .net/2u *"_ivl_84", 0 0, L_0x7ced81414408;  1 drivers
L_0x7ced81414528 .functor BUFT 1, C4<0>, C4<0>, C4<0>, C4<0>;
v0x3d58e540_0 .net/2u *"_ivl_94", 0 0, L_0x7ced81414528;  1 drivers
v0x3d58e620_0 .net "bcd", 15 0, v0x3d590550_0;  1 drivers
v0x3d58e6e0_0 .net "bcd_adj_val", 15 0, L_0x3d592240;  1 drivers
v0x3d58e7b0_0 .net "bin", 12 0, L_0x3d590ab0;  alias, 1 drivers
v0x3d58e870_0 .net "c", 0 0, L_0x3d593280;  1 drivers
v0x3d58e910_0 .net "c_digit", 3 0, L_0x3d590dc0;  1 drivers
v0x3d58e9f0_0 .net "c_next", 3 0, L_0x3d591e40;  1 drivers
v0x3d58ead0_0 .net "cc", 0 0, L_0x3d55c740;  1 drivers
v0x3d58eb90_0 .net "clk", 0 0, v0x3d590740_0;  1 drivers
v0x3d58ec30_0 .net "count_w", 4 0, v0x3d589580_0;  1 drivers
v0x3d58ecf0_0 .net "d", 3 0, L_0x3d590c90;  1 drivers
v0x3d58edd0_0 .net "d_next", 3 0, L_0x3d591b90;  1 drivers
v0x3d58eeb0_0 .net "dd", 0 0, L_0x3d56eb40;  1 drivers
v0x3d58ef70_0 .net "done", 0 0, v0x3d58a260_0;  alias, 1 drivers
v0x3d58f060_0 .net "eval", 0 0, v0x3d58a330_0;  1 drivers
v0x3d58f150_0 .net "i_w", 4 0, v0x3d588fd0_0;  1 drivers
v0x3d58f470_0 .net "init", 0 0, v0x3d590880_0;  1 drivers
v0x3d58f510_0 .net "m", 3 0, L_0x3d590e90;  1 drivers
v0x3d58f5d0_0 .net "m_next", 3 0, L_0x3d592100;  1 drivers
v0x3d58f6b0_0 .net "mm", 0 0, L_0x3d55ad10;  1 drivers
v0x3d58f770_0 .net "need_adj", 0 0, L_0x3d591690;  1 drivers
v0x3d58f810_0 .net "res_chk_c", 4 0, v0x3d56ec10_0;  1 drivers
v0x3d58f8b0_0 .net "res_chk_d", 4 0, v0x3d5872d0_0;  1 drivers
v0x3d58f950_0 .net "res_chk_m", 4 0, v0x3d587950_0;  1 drivers
v0x3d58f9f0_0 .net "res_chk_u", 4 0, v0x3d587ff0_0;  1 drivers
v0x3d58fac0_0 .net "res_sub_c", 4 0, v0x3d58b9d0_0;  1 drivers
v0x3d58fb90_0 .net "res_sub_d", 4 0, v0x3d58c230_0;  1 drivers
v0x3d58fc60_0 .net "res_sub_m", 4 0, v0x3d58ca90_0;  1 drivers
v0x3d58fd30_0 .net "res_sub_u", 4 0, v0x3d58d2f0_0;  1 drivers
v0x3d58fe00_0 .net "reset", 0 0, v0x3d5909c0_0;  1 drivers
v0x3d58fed0_0 .net "rst", 0 0, v0x3d58a620_0;  1 drivers
v0x3d590000_0 .net "shift_reg_val", 28 0, v0x3d58b1c0_0;  1 drivers
v0x3d5900d0_0 .net "sumi", 0 0, v0x3d58a7f0_0;  1 drivers
v0x3d590170_0 .net "u", 3 0, L_0x3d590bf0;  1 drivers
v0x3d590210_0 .net "u_next", 3 0, L_0x3d591940;  1 drivers
v0x3d5902f0_0 .net "uu", 0 0, L_0x3d56e870;  1 drivers
v0x3d5903b0_0 .net "zz", 0 0, L_0x3d5935b0;  1 drivers
L_0x3d590ab0 .part v0x3d58b1c0_0, 0, 13;
L_0x3d590bf0 .part v0x3d58b1c0_0, 13, 4;
L_0x3d590c90 .part v0x3d58b1c0_0, 17, 4;
L_0x3d590dc0 .part v0x3d58b1c0_0, 21, 4;
L_0x3d590e90 .part v0x3d58b1c0_0, 25, 4;
L_0x3d590f30 .part v0x3d587ff0_0, 4, 1;
L_0x3d591060 .part v0x3d5872d0_0, 4, 1;
L_0x3d5911a0 .part v0x3d56ec10_0, 4, 1;
L_0x3d591330 .part v0x3d587950_0, 4, 1;
L_0x3d5917f0 .part v0x3d58d2f0_0, 0, 4;
L_0x3d591940 .functor MUXZ 4, L_0x3d590bf0, L_0x3d5917f0, L_0x3d56e870, C4<>;
L_0x3d591a30 .part v0x3d58c230_0, 0, 4;
L_0x3d591b90 .functor MUXZ 4, L_0x3d590c90, L_0x3d591a30, L_0x3d56eb40, C4<>;
L_0x3d591cd0 .part v0x3d58b9d0_0, 0, 4;
L_0x3d591e40 .functor MUXZ 4, L_0x3d590dc0, L_0x3d591cd0, L_0x3d55c740, C4<>;
L_0x3d591f80 .part v0x3d58ca90_0, 0, 4;
L_0x3d592100 .functor MUXZ 4, L_0x3d590e90, L_0x3d591f80, L_0x3d55ad10, C4<>;
L_0x3d592240 .concat [ 4 4 4 4], L_0x3d591940, L_0x3d591b90, L_0x3d591e40, L_0x3d592100;
L_0x3d592510 .concat [ 4 1 0 0], L_0x3d590bf0, L_0x7ced814140a8;
L_0x3d592650 .concat [ 4 1 0 0], L_0x3d590c90, L_0x7ced814141c8;
L_0x3d592470 .concat [ 4 1 0 0], L_0x3d590dc0, L_0x7ced814142e8;
L_0x3d5927f0 .concat [ 4 1 0 0], L_0x3d590e90, L_0x7ced81414408;
L_0x3d592a30 .concat [ 4 1 0 0], L_0x3d590bf0, L_0x7ced81414528;
L_0x3d592b90 .concat [ 4 1 0 0], L_0x3d590c90, L_0x7ced81414648;
L_0x3d592e50 .concat [ 4 1 0 0], L_0x3d590dc0, L_0x7ced81414768;
L_0x3d593040 .concat [ 4 1 0 0], L_0x3d590e90, L_0x7ced81414888;
S_0x3d55d7a0 .scope module, "Chk_C" "SumadorRestador_C2_5b" 3 55, 4 1 0, S_0x3d5696c0;
 .timescale -9 -12;
    .port_info 0 /INPUT 1 "sum";
    .port_info 1 /INPUT 1 "restar";
    .port_info 2 /INPUT 5 "Aext";
    .port_info 3 /INPUT 5 "B";
    .port_info 4 /OUTPUT 5 "result";
v0x3d56e200_0 .net "Aext", 4 0, L_0x3d592470;  1 drivers
L_0x7ced81414330 .functor BUFT 1, C4<01000>, C4<0>, C4<0>, C4<0>;
v0x3d56e670_0 .net "B", 4 0, L_0x7ced81414330;  1 drivers
L_0x7ced814142a0 .functor BUFT 1, C4<1>, C4<0>, C4<0>, C4<0>;
v0x3d56e980_0 .net "restar", 0 0, L_0x7ced814142a0;  1 drivers
v0x3d56ec10_0 .var "result", 4 0;
L_0x7ced81414258 .functor BUFT 1, C4<0>, C4<0>, C4<0>, C4<0>;
v0x3d55c890_0 .net "sum", 0 0, L_0x7ced81414258;  1 drivers
E_0x3d56fc20 .event anyedge, v0x3d55c890_0, v0x3d56e200_0, v0x3d56e670_0, v0x3d56e980_0;
S_0x3d55f220 .scope module, "Chk_D" "SumadorRestador_C2_5b" 3 54, 4 1 0, S_0x3d5696c0;
 .timescale -9 -12;
    .port_info 0 /INPUT 1 "sum";
    .port_info 1 /INPUT 1 "restar";
    .port_info 2 /INPUT 5 "Aext";
    .port_info 3 /INPUT 5 "B";
    .port_info 4 /OUTPUT 5 "result";
v0x3d55ae60_0 .net "Aext", 4 0, L_0x3d592650;  1 drivers
L_0x7ced81414210 .functor BUFT 1, C4<01000>, C4<0>, C4<0>, C4<0>;
v0x3d56b9e0_0 .net "B", 4 0, L_0x7ced81414210;  1 drivers
L_0x7ced81414180 .functor BUFT 1, C4<1>, C4<0>, C4<0>, C4<0>;
v0x3d587230_0 .net "restar", 0 0, L_0x7ced81414180;  1 drivers
v0x3d5872d0_0 .var "result", 4 0;
L_0x7ced81414138 .functor BUFT 1, C4<0>, C4<0>, C4<0>, C4<0>;
v0x3d5873b0_0 .net "sum", 0 0, L_0x7ced81414138;  1 drivers
E_0x3d587120 .event anyedge, v0x3d5873b0_0, v0x3d55ae60_0, v0x3d56b9e0_0, v0x3d587230_0;
S_0x3d560ca0 .scope module, "Chk_M" "SumadorRestador_C2_5b" 3 56, 4 1 0, S_0x3d5696c0;
 .timescale -9 -12;
    .port_info 0 /INPUT 1 "sum";
    .port_info 1 /INPUT 1 "restar";
    .port_info 2 /INPUT 5 "Aext";
    .port_info 3 /INPUT 5 "B";
    .port_info 4 /OUTPUT 5 "result";
v0x3d5876d0_0 .net "Aext", 4 0, L_0x3d5927f0;  1 drivers
L_0x7ced81414450 .functor BUFT 1, C4<01000>, C4<0>, C4<0>, C4<0>;
v0x3d5877d0_0 .net "B", 4 0, L_0x7ced81414450;  1 drivers
L_0x7ced814143c0 .functor BUFT 1, C4<1>, C4<0>, C4<0>, C4<0>;
v0x3d5878b0_0 .net "restar", 0 0, L_0x7ced814143c0;  1 drivers
v0x3d587950_0 .var "result", 4 0;
L_0x7ced81414378 .functor BUFT 1, C4<0>, C4<0>, C4<0>, C4<0>;
v0x3d587a30_0 .net "sum", 0 0, L_0x7ced81414378;  1 drivers
E_0x3d587660 .event anyedge, v0x3d587a30_0, v0x3d5876d0_0, v0x3d5877d0_0, v0x3d5878b0_0;
S_0x3d562840 .scope module, "Chk_U" "SumadorRestador_C2_5b" 3 53, 4 1 0, S_0x3d5696c0;
 .timescale -9 -12;
    .port_info 0 /INPUT 1 "sum";
    .port_info 1 /INPUT 1 "restar";
    .port_info 2 /INPUT 5 "Aext";
    .port_info 3 /INPUT 5 "B";
    .port_info 4 /OUTPUT 5 "result";
v0x3d587d70_0 .net "Aext", 4 0, L_0x3d592510;  1 drivers
L_0x7ced814140f0 .functor BUFT 1, C4<01000>, C4<0>, C4<0>, C4<0>;
v0x3d587e70_0 .net "B", 4 0, L_0x7ced814140f0;  1 drivers
L_0x7ced81414060 .functor BUFT 1, C4<1>, C4<0>, C4<0>, C4<0>;
v0x3d587f50_0 .net "restar", 0 0, L_0x7ced81414060;  1 drivers
v0x3d587ff0_0 .var "result", 4 0;
L_0x7ced81414018 .functor BUFT 1, C4<0>, C4<0>, C4<0>, C4<0>;
v0x3d5880d0_0 .net "sum", 0 0, L_0x7ced81414018;  1 drivers
E_0x3d587ce0 .event anyedge, v0x3d5880d0_0, v0x3d587d70_0, v0x3d587e70_0, v0x3d587f50_0;
S_0x3d588280 .scope module, "Comp_I" "comparador" 3 67, 5 1 0, S_0x3d5696c0;
 .timescale -9 -12;
    .port_info 0 /INPUT 5 "in";
    .port_info 1 /INPUT 5 "COMP";
    .port_info 2 /OUTPUT 1 "equal";
L_0x7ced81414918 .functor BUFT 1, C4<01101>, C4<0>, C4<0>, C4<0>;
v0x3d5884d0_0 .net "COMP", 4 0, L_0x7ced81414918;  1 drivers
v0x3d5885d0_0 .net "equal", 0 0, L_0x3d593280;  alias, 1 drivers
v0x3d588690_0 .net "in", 4 0, v0x3d588fd0_0;  alias, 1 drivers
L_0x3d593280 .cmp/eq 5, v0x3d588fd0_0, L_0x7ced81414918;
S_0x3d5887d0 .scope module, "Comp_Wait" "comparador" 3 75, 5 1 0, S_0x3d5696c0;
 .timescale -9 -12;
    .port_info 0 /INPUT 5 "in";
    .port_info 1 /INPUT 5 "COMP";
    .port_info 2 /OUTPUT 1 "equal";
L_0x7ced81414960 .functor BUFT 1, C4<11011>, C4<0>, C4<0>, C4<0>;
v0x3d5889b0_0 .net "COMP", 4 0, L_0x7ced81414960;  1 drivers
v0x3d588ab0_0 .net "equal", 0 0, L_0x3d5935b0;  alias, 1 drivers
v0x3d588b70_0 .net "in", 4 0, v0x3d589580_0;  alias, 1 drivers
L_0x3d5935b0 .cmp/eq 5, v0x3d589580_0, L_0x7ced81414960;
S_0x3d588cb0 .scope module, "Contador_I" "contador" 3 63, 6 1 0, S_0x3d5696c0;
 .timescale -9 -12;
    .port_info 0 /INPUT 1 "clk";
    .port_info 1 /INPUT 1 "rst";
    .port_info 2 /INPUT 1 "en";
    .port_info 3 /OUTPUT 5 "count";
v0x3d588ef0_0 .net "clk", 0 0, v0x3d590740_0;  alias, 1 drivers
v0x3d588fd0_0 .var "count", 4 0;
v0x3d589090_0 .net "en", 0 0, v0x3d58a7f0_0;  alias, 1 drivers
v0x3d589160_0 .net "rst", 0 0, v0x3d58a620_0;  alias, 1 drivers
E_0x3d588e90 .event posedge, v0x3d588ef0_0;
S_0x3d5892b0 .scope module, "Contador_Wait" "contador" 3 71, 6 1 0, S_0x3d5696c0;
 .timescale -9 -12;
    .port_info 0 /INPUT 1 "clk";
    .port_info 1 /INPUT 1 "rst";
    .port_info 2 /INPUT 1 "en";
    .port_info 3 /OUTPUT 5 "count";
v0x3d589490_0 .net "clk", 0 0, v0x3d590740_0;  alias, 1 drivers
v0x3d589580_0 .var "count", 4 0;
v0x3d589650_0 .net "en", 0 0, v0x3d58a260_0;  alias, 1 drivers
v0x3d589720_0 .net "rst", 0 0, v0x3d58a620_0;  alias, 1 drivers
S_0x3d589860 .scope module, "ControlUnit" "fsm_bcdtobin" 3 41, 7 1 0, S_0x3d5696c0;
 .timescale -9 -12;
    .port_info 0 /INPUT 1 "clk";
    .port_info 1 /INPUT 1 "init";
    .port_info 2 /INPUT 1 "reset";
    .port_info 3 /INPUT 1 "need_adj";
    .port_info 4 /INPUT 1 "c";
    .port_info 5 /INPUT 1 "zz";
    .port_info 6 /OUTPUT 1 "rst";
    .port_info 7 /OUTPUT 1 "eval";
    .port_info 8 /OUTPUT 1 "sumi";
    .port_info 9 /OUTPUT 1 "done";
P_0x3d589ad0 .param/l "CHECK" 0 7 15, +C4<00000000000000000000000000000010>;
P_0x3d589b10 .param/l "CHECKYRESTA" 0 7 16, +C4<00000000000000000000000000000011>;
P_0x3d589b50 .param/l "DONE" 0 7 17, +C4<00000000000000000000000000000100>;
P_0x3d589b90 .param/l "START" 0 7 13, +C4<00000000000000000000000000000000>;
P_0x3d589bd0 .param/l "SUMARYSHIFT" 0 7 14, +C4<00000000000000000000000000000001>;
v0x3d58a0d0_0 .net "c", 0 0, L_0x3d593280;  alias, 1 drivers
v0x3d58a1c0_0 .net "clk", 0 0, v0x3d590740_0;  alias, 1 drivers
v0x3d58a260_0 .var "done", 0 0;
v0x3d58a330_0 .var "eval", 0 0;
v0x3d58a3d0_0 .net "init", 0 0, v0x3d590880_0;  alias, 1 drivers
v0x3d58a4c0_0 .net "need_adj", 0 0, L_0x3d591690;  alias, 1 drivers
v0x3d58a560_0 .net "reset", 0 0, v0x3d5909c0_0;  alias, 1 drivers
v0x3d58a620_0 .var "rst", 0 0;
v0x3d58a710_0 .var "state", 2 0;
v0x3d58a7f0_0 .var "sumi", 0 0;
v0x3d58a890_0 .net "zz", 0 0, L_0x3d5935b0;  alias, 1 drivers
E_0x3d58a050 .event anyedge, v0x3d58a710_0;
S_0x3d58aa90 .scope module, "Reg_Datos" "Registro_Shift_BcdToBin" 3 47, 8 1 0, S_0x3d5696c0;
 .timescale -9 -12;
    .port_info 0 /INPUT 1 "clk";
    .port_info 1 /INPUT 1 "rst";
    .port_info 2 /INPUT 1 "sumi";
    .port_info 3 /INPUT 1 "eval";
    .port_info 4 /INPUT 16 "bcd";
    .port_info 5 /INPUT 16 "bcd_adj_val";
    .port_info 6 /OUTPUT 29 "shift_reg";
v0x3d58ad50_0 .net "bcd", 15 0, v0x3d590550_0;  alias, 1 drivers
v0x3d58ae50_0 .net "bcd_adj_val", 15 0, L_0x3d592240;  alias, 1 drivers
v0x3d58af30_0 .net "clk", 0 0, v0x3d590740_0;  alias, 1 drivers
v0x3d58b000_0 .net "eval", 0 0, v0x3d58a330_0;  alias, 1 drivers
v0x3d58b0d0_0 .net "rst", 0 0, v0x3d58a620_0;  alias, 1 drivers
v0x3d58b1c0_0 .var "shift_reg", 28 0;
v0x3d58b260_0 .net "sumi", 0 0, v0x3d58a7f0_0;  alias, 1 drivers
S_0x3d58b470 .scope module, "Sub_C" "SumadorRestador_C2_5b" 3 60, 4 1 0, S_0x3d5696c0;
 .timescale -9 -12;
    .port_info 0 /INPUT 1 "sum";
    .port_info 1 /INPUT 1 "restar";
    .port_info 2 /INPUT 5 "Aext";
    .port_info 3 /INPUT 5 "B";
    .port_info 4 /OUTPUT 5 "result";
v0x3d58b750_0 .net "Aext", 4 0, L_0x3d592e50;  1 drivers
L_0x7ced814147b0 .functor BUFT 1, C4<00011>, C4<0>, C4<0>, C4<0>;
v0x3d58b850_0 .net "B", 4 0, L_0x7ced814147b0;  1 drivers
L_0x7ced81414720 .functor BUFT 1, C4<1>, C4<0>, C4<0>, C4<0>;
v0x3d58b930_0 .net "restar", 0 0, L_0x7ced81414720;  1 drivers
v0x3d58b9d0_0 .var "result", 4 0;
L_0x7ced814146d8 .functor BUFT 1, C4<0>, C4<0>, C4<0>, C4<0>;
v0x3d58bab0_0 .net "sum", 0 0, L_0x7ced814146d8;  1 drivers
E_0x3d58ac20 .event anyedge, v0x3d58bab0_0, v0x3d58b750_0, v0x3d58b850_0, v0x3d58b930_0;
S_0x3d58bc60 .scope module, "Sub_D" "SumadorRestador_C2_5b" 3 59, 4 1 0, S_0x3d5696c0;
 .timescale -9 -12;
    .port_info 0 /INPUT 1 "sum";
    .port_info 1 /INPUT 1 "restar";
    .port_info 2 /INPUT 5 "Aext";
    .port_info 3 /INPUT 5 "B";
    .port_info 4 /OUTPUT 5 "result";
v0x3d58bf80_0 .net "Aext", 4 0, L_0x3d592b90;  1 drivers
L_0x7ced81414690 .functor BUFT 1, C4<00011>, C4<0>, C4<0>, C4<0>;
v0x3d58c080_0 .net "B", 4 0, L_0x7ced81414690;  1 drivers
L_0x7ced81414600 .functor BUFT 1, C4<1>, C4<0>, C4<0>, C4<0>;
v0x3d58c160_0 .net "restar", 0 0, L_0x7ced81414600;  1 drivers
v0x3d58c230_0 .var "result", 4 0;
L_0x7ced814145b8 .functor BUFT 1, C4<0>, C4<0>, C4<0>, C4<0>;
v0x3d58c310_0 .net "sum", 0 0, L_0x7ced814145b8;  1 drivers
E_0x3d58bef0 .event anyedge, v0x3d58c310_0, v0x3d58bf80_0, v0x3d58c080_0, v0x3d58c160_0;
S_0x3d58c4c0 .scope module, "Sub_M" "SumadorRestador_C2_5b" 3 61, 4 1 0, S_0x3d5696c0;
 .timescale -9 -12;
    .port_info 0 /INPUT 1 "sum";
    .port_info 1 /INPUT 1 "restar";
    .port_info 2 /INPUT 5 "Aext";
    .port_info 3 /INPUT 5 "B";
    .port_info 4 /OUTPUT 5 "result";
v0x3d58c7e0_0 .net "Aext", 4 0, L_0x3d593040;  1 drivers
L_0x7ced814148d0 .functor BUFT 1, C4<00011>, C4<0>, C4<0>, C4<0>;
v0x3d58c8e0_0 .net "B", 4 0, L_0x7ced814148d0;  1 drivers
L_0x7ced81414840 .functor BUFT 1, C4<1>, C4<0>, C4<0>, C4<0>;
v0x3d58c9c0_0 .net "restar", 0 0, L_0x7ced81414840;  1 drivers
v0x3d58ca90_0 .var "result", 4 0;
L_0x7ced814147f8 .functor BUFT 1, C4<0>, C4<0>, C4<0>, C4<0>;
v0x3d58cb70_0 .net "sum", 0 0, L_0x7ced814147f8;  1 drivers
E_0x3d58c750 .event anyedge, v0x3d58cb70_0, v0x3d58c7e0_0, v0x3d58c8e0_0, v0x3d58c9c0_0;
S_0x3d58cd20 .scope module, "Sub_U" "SumadorRestador_C2_5b" 3 58, 4 1 0, S_0x3d5696c0;
 .timescale -9 -12;
    .port_info 0 /INPUT 1 "sum";
    .port_info 1 /INPUT 1 "restar";
    .port_info 2 /INPUT 5 "Aext";
    .port_info 3 /INPUT 5 "B";
    .port_info 4 /OUTPUT 5 "result";
v0x3d58d040_0 .net "Aext", 4 0, L_0x3d592a30;  1 drivers
L_0x7ced81414570 .functor BUFT 1, C4<00011>, C4<0>, C4<0>, C4<0>;
v0x3d58d140_0 .net "B", 4 0, L_0x7ced81414570;  1 drivers
L_0x7ced814144e0 .functor BUFT 1, C4<1>, C4<0>, C4<0>, C4<0>;
v0x3d58d220_0 .net "restar", 0 0, L_0x7ced814144e0;  1 drivers
v0x3d58d2f0_0 .var "result", 4 0;
L_0x7ced81414498 .functor BUFT 1, C4<0>, C4<0>, C4<0>, C4<0>;
v0x3d58d3d0_0 .net "sum", 0 0, L_0x7ced81414498;  1 drivers
E_0x3d58cfb0 .event anyedge, v0x3d58d3d0_0, v0x3d58d040_0, v0x3d58d140_0, v0x3d58d220_0;
    .scope S_0x3d589860;
T_0 ;
    %wait E_0x3d588e90;
    %load/vec4 v0x3d58a560_0;
    %flag_set/vec4 8;
    %jmp/0xz  T_0.0, 8;
    %pushi/vec4 0, 0, 3;
    %assign/vec4 v0x3d58a710_0, 0;
    %jmp T_0.1;
T_0.0 ;
    %load/vec4 v0x3d58a710_0;
    %dup/vec4;
    %pushi/vec4 0, 0, 3;
    %cmp/u;
    %jmp/1 T_0.2, 6;
    %dup/vec4;
    %pushi/vec4 1, 0, 3;
    %cmp/u;
    %jmp/1 T_0.3, 6;
    %dup/vec4;
    %pushi/vec4 2, 0, 3;
    %cmp/u;
    %jmp/1 T_0.4, 6;
    %dup/vec4;
    %pushi/vec4 3, 0, 3;
    %cmp/u;
    %jmp/1 T_0.5, 6;
    %dup/vec4;
    %pushi/vec4 4, 0, 3;
    %cmp/u;
    %jmp/1 T_0.6, 6;
    %pushi/vec4 0, 0, 3;
    %assign/vec4 v0x3d58a710_0, 0;
    %jmp T_0.8;
T_0.2 ;
    %load/vec4 v0x3d58a3d0_0;
    %flag_set/vec4 8;
    %jmp/0 T_0.9, 8;
    %pushi/vec4 1, 0, 32;
    %jmp/1 T_0.10, 8;
T_0.9 ; End of true expr.
    %pushi/vec4 0, 0, 32;
    %jmp/0 T_0.10, 8;
 ; End of false expr.
    %blend;
T_0.10;
    %pad/s 3;
    %assign/vec4 v0x3d58a710_0, 0;
    %jmp T_0.8;
T_0.3 ;
    %pushi/vec4 2, 0, 3;
    %assign/vec4 v0x3d58a710_0, 0;
    %jmp T_0.8;
T_0.4 ;
    %load/vec4 v0x3d58a4c0_0;
    %flag_set/vec4 8;
    %jmp/0 T_0.11, 8;
    %pushi/vec4 3, 0, 32;
    %jmp/1 T_0.12, 8;
T_0.11 ; End of true expr.
    %load/vec4 v0x3d58a0d0_0;
    %flag_set/vec4 9;
    %jmp/0 T_0.13, 9;
    %pushi/vec4 4, 0, 32;
    %jmp/1 T_0.14, 9;
T_0.13 ; End of true expr.
    %pushi/vec4 1, 0, 32;
    %jmp/0 T_0.14, 9;
 ; End of false expr.
    %blend;
T_0.14;
    %jmp/0 T_0.12, 8;
 ; End of false expr.
    %blend;
T_0.12;
    %pad/s 3;
    %assign/vec4 v0x3d58a710_0, 0;
    %jmp T_0.8;
T_0.5 ;
    %load/vec4 v0x3d58a0d0_0;
    %flag_set/vec4 8;
    %jmp/0 T_0.15, 8;
    %pushi/vec4 4, 0, 32;
    %jmp/1 T_0.16, 8;
T_0.15 ; End of true expr.
    %pushi/vec4 1, 0, 32;
    %jmp/0 T_0.16, 8;
 ; End of false expr.
    %blend;
T_0.16;
    %pad/s 3;
    %assign/vec4 v0x3d58a710_0, 0;
    %jmp T_0.8;
T_0.6 ;
    %load/vec4 v0x3d58a890_0;
    %flag_set/vec4 8;
    %jmp/0 T_0.17, 8;
    %pushi/vec4 0, 0, 32;
    %jmp/1 T_0.18, 8;
T_0.17 ; End of true expr.
    %pushi/vec4 4, 0, 32;
    %jmp/0 T_0.18, 8;
 ; End of false expr.
    %blend;
T_0.18;
    %pad/s 3;
    %assign/vec4 v0x3d58a710_0, 0;
    %jmp T_0.8;
T_0.8 ;
    %pop/vec4 1;
T_0.1 ;
    %jmp T_0;
    .thread T_0;
    .scope S_0x3d589860;
T_1 ;
    %wait E_0x3d58a050;
    %pushi/vec4 0, 0, 1;
    %store/vec4 v0x3d58a620_0, 0, 1;
    %pushi/vec4 0, 0, 1;
    %store/vec4 v0x3d58a330_0, 0, 1;
    %pushi/vec4 0, 0, 1;
    %store/vec4 v0x3d58a7f0_0, 0, 1;
    %pushi/vec4 0, 0, 1;
    %store/vec4 v0x3d58a260_0, 0, 1;
    %load/vec4 v0x3d58a710_0;
    %dup/vec4;
    %pushi/vec4 0, 0, 3;
    %cmp/u;
    %jmp/1 T_1.0, 6;
    %dup/vec4;
    %pushi/vec4 1, 0, 3;
    %cmp/u;
    %jmp/1 T_1.1, 6;
    %dup/vec4;
    %pushi/vec4 2, 0, 3;
    %cmp/u;
    %jmp/1 T_1.2, 6;
    %dup/vec4;
    %pushi/vec4 3, 0, 3;
    %cmp/u;
    %jmp/1 T_1.3, 6;
    %dup/vec4;
    %pushi/vec4 4, 0, 3;
    %cmp/u;
    %jmp/1 T_1.4, 6;
    %jmp T_1.5;
T_1.0 ;
    %pushi/vec4 1, 0, 1;
    %store/vec4 v0x3d58a620_0, 0, 1;
    %jmp T_1.5;
T_1.1 ;
    %pushi/vec4 1, 0, 1;
    %store/vec4 v0x3d58a7f0_0, 0, 1;
    %jmp T_1.5;
T_1.2 ;
    %jmp T_1.5;
T_1.3 ;
    %pushi/vec4 1, 0, 1;
    %store/vec4 v0x3d58a330_0, 0, 1;
    %jmp T_1.5;
T_1.4 ;
    %pushi/vec4 1, 0, 1;
    %store/vec4 v0x3d58a260_0, 0, 1;
    %jmp T_1.5;
T_1.5 ;
    %pop/vec4 1;
    %jmp T_1;
    .thread T_1, $push;
    .scope S_0x3d58aa90;
T_2 ;
    %wait E_0x3d588e90;
    %load/vec4 v0x3d58b0d0_0;
    %flag_set/vec4 8;
    %jmp/0xz  T_2.0, 8;
    %load/vec4 v0x3d58ad50_0;
    %concati/vec4 0, 0, 13;
    %assign/vec4 v0x3d58b1c0_0, 0;
    %jmp T_2.1;
T_2.0 ;
    %load/vec4 v0x3d58b000_0;
    %flag_set/vec4 8;
    %jmp/0xz  T_2.2, 8;
    %load/vec4 v0x3d58ae50_0;
    %ix/load 4, 13, 0;
    %ix/load 5, 0, 0;
    %flag_set/imm 4, 0;
    %assign/vec4/off/d v0x3d58b1c0_0, 4, 5;
    %jmp T_2.3;
T_2.2 ;
    %load/vec4 v0x3d58b260_0;
    %flag_set/vec4 8;
    %jmp/0xz  T_2.4, 8;
    %load/vec4 v0x3d58b1c0_0;
    %ix/load 4, 1, 0;
    %flag_set/imm 4, 0;
    %shiftr 4;
    %assign/vec4 v0x3d58b1c0_0, 0;
T_2.4 ;
T_2.3 ;
T_2.1 ;
    %jmp T_2;
    .thread T_2;
    .scope S_0x3d562840;
T_3 ;
    %wait E_0x3d587ce0;
    %load/vec4 v0x3d5880d0_0;
    %flag_set/vec4 8;
    %jmp/0xz  T_3.0, 8;
    %load/vec4 v0x3d587d70_0;
    %load/vec4 v0x3d587e70_0;
    %add;
    %store/vec4 v0x3d587ff0_0, 0, 5;
    %jmp T_3.1;
T_3.0 ;
    %load/vec4 v0x3d587f50_0;
    %flag_set/vec4 8;
    %jmp/0xz  T_3.2, 8;
    %load/vec4 v0x3d587d70_0;
    %load/vec4 v0x3d587e70_0;
    %inv;
    %add;
    %addi 1, 0, 5;
    %store/vec4 v0x3d587ff0_0, 0, 5;
    %jmp T_3.3;
T_3.2 ;
    %load/vec4 v0x3d587d70_0;
    %store/vec4 v0x3d587ff0_0, 0, 5;
T_3.3 ;
T_3.1 ;
    %jmp T_3;
    .thread T_3, $push;
    .scope S_0x3d55f220;
T_4 ;
    %wait E_0x3d587120;
    %load/vec4 v0x3d5873b0_0;
    %flag_set/vec4 8;
    %jmp/0xz  T_4.0, 8;
    %load/vec4 v0x3d55ae60_0;
    %load/vec4 v0x3d56b9e0_0;
    %add;
    %store/vec4 v0x3d5872d0_0, 0, 5;
    %jmp T_4.1;
T_4.0 ;
    %load/vec4 v0x3d587230_0;
    %flag_set/vec4 8;
    %jmp/0xz  T_4.2, 8;
    %load/vec4 v0x3d55ae60_0;
    %load/vec4 v0x3d56b9e0_0;
    %inv;
    %add;
    %addi 1, 0, 5;
    %store/vec4 v0x3d5872d0_0, 0, 5;
    %jmp T_4.3;
T_4.2 ;
    %load/vec4 v0x3d55ae60_0;
    %store/vec4 v0x3d5872d0_0, 0, 5;
T_4.3 ;
T_4.1 ;
    %jmp T_4;
    .thread T_4, $push;
    .scope S_0x3d55d7a0;
T_5 ;
    %wait E_0x3d56fc20;
    %load/vec4 v0x3d55c890_0;
    %flag_set/vec4 8;
    %jmp/0xz  T_5.0, 8;
    %load/vec4 v0x3d56e200_0;
    %load/vec4 v0x3d56e670_0;
    %add;
    %store/vec4 v0x3d56ec10_0, 0, 5;
    %jmp T_5.1;
T_5.0 ;
    %load/vec4 v0x3d56e980_0;
    %flag_set/vec4 8;
    %jmp/0xz  T_5.2, 8;
    %load/vec4 v0x3d56e200_0;
    %load/vec4 v0x3d56e670_0;
    %inv;
    %add;
    %addi 1, 0, 5;
    %store/vec4 v0x3d56ec10_0, 0, 5;
    %jmp T_5.3;
T_5.2 ;
    %load/vec4 v0x3d56e200_0;
    %store/vec4 v0x3d56ec10_0, 0, 5;
T_5.3 ;
T_5.1 ;
    %jmp T_5;
    .thread T_5, $push;
    .scope S_0x3d560ca0;
T_6 ;
    %wait E_0x3d587660;
    %load/vec4 v0x3d587a30_0;
    %flag_set/vec4 8;
    %jmp/0xz  T_6.0, 8;
    %load/vec4 v0x3d5876d0_0;
    %load/vec4 v0x3d5877d0_0;
    %add;
    %store/vec4 v0x3d587950_0, 0, 5;
    %jmp T_6.1;
T_6.0 ;
    %load/vec4 v0x3d5878b0_0;
    %flag_set/vec4 8;
    %jmp/0xz  T_6.2, 8;
    %load/vec4 v0x3d5876d0_0;
    %load/vec4 v0x3d5877d0_0;
    %inv;
    %add;
    %addi 1, 0, 5;
    %store/vec4 v0x3d587950_0, 0, 5;
    %jmp T_6.3;
T_6.2 ;
    %load/vec4 v0x3d5876d0_0;
    %store/vec4 v0x3d587950_0, 0, 5;
T_6.3 ;
T_6.1 ;
    %jmp T_6;
    .thread T_6, $push;
    .scope S_0x3d58cd20;
T_7 ;
    %wait E_0x3d58cfb0;
    %load/vec4 v0x3d58d3d0_0;
    %flag_set/vec4 8;
    %jmp/0xz  T_7.0, 8;
    %load/vec4 v0x3d58d040_0;
    %load/vec4 v0x3d58d140_0;
    %add;
    %store/vec4 v0x3d58d2f0_0, 0, 5;
    %jmp T_7.1;
T_7.0 ;
    %load/vec4 v0x3d58d220_0;
    %flag_set/vec4 8;
    %jmp/0xz  T_7.2, 8;
    %load/vec4 v0x3d58d040_0;
    %load/vec4 v0x3d58d140_0;
    %inv;
    %add;
    %addi 1, 0, 5;
    %store/vec4 v0x3d58d2f0_0, 0, 5;
    %jmp T_7.3;
T_7.2 ;
    %load/vec4 v0x3d58d040_0;
    %store/vec4 v0x3d58d2f0_0, 0, 5;
T_7.3 ;
T_7.1 ;
    %jmp T_7;
    .thread T_7, $push;
    .scope S_0x3d58bc60;
T_8 ;
    %wait E_0x3d58bef0;
    %load/vec4 v0x3d58c310_0;
    %flag_set/vec4 8;
    %jmp/0xz  T_8.0, 8;
    %load/vec4 v0x3d58bf80_0;
    %load/vec4 v0x3d58c080_0;
    %add;
    %store/vec4 v0x3d58c230_0, 0, 5;
    %jmp T_8.1;
T_8.0 ;
    %load/vec4 v0x3d58c160_0;
    %flag_set/vec4 8;
    %jmp/0xz  T_8.2, 8;
    %load/vec4 v0x3d58bf80_0;
    %load/vec4 v0x3d58c080_0;
    %inv;
    %add;
    %addi 1, 0, 5;
    %store/vec4 v0x3d58c230_0, 0, 5;
    %jmp T_8.3;
T_8.2 ;
    %load/vec4 v0x3d58bf80_0;
    %store/vec4 v0x3d58c230_0, 0, 5;
T_8.3 ;
T_8.1 ;
    %jmp T_8;
    .thread T_8, $push;
    .scope S_0x3d58b470;
T_9 ;
    %wait E_0x3d58ac20;
    %load/vec4 v0x3d58bab0_0;
    %flag_set/vec4 8;
    %jmp/0xz  T_9.0, 8;
    %load/vec4 v0x3d58b750_0;
    %load/vec4 v0x3d58b850_0;
    %add;
    %store/vec4 v0x3d58b9d0_0, 0, 5;
    %jmp T_9.1;
T_9.0 ;
    %load/vec4 v0x3d58b930_0;
    %flag_set/vec4 8;
    %jmp/0xz  T_9.2, 8;
    %load/vec4 v0x3d58b750_0;
    %load/vec4 v0x3d58b850_0;
    %inv;
    %add;
    %addi 1, 0, 5;
    %store/vec4 v0x3d58b9d0_0, 0, 5;
    %jmp T_9.3;
T_9.2 ;
    %load/vec4 v0x3d58b750_0;
    %store/vec4 v0x3d58b9d0_0, 0, 5;
T_9.3 ;
T_9.1 ;
    %jmp T_9;
    .thread T_9, $push;
    .scope S_0x3d58c4c0;
T_10 ;
    %wait E_0x3d58c750;
    %load/vec4 v0x3d58cb70_0;
    %flag_set/vec4 8;
    %jmp/0xz  T_10.0, 8;
    %load/vec4 v0x3d58c7e0_0;
    %load/vec4 v0x3d58c8e0_0;
    %add;
    %store/vec4 v0x3d58ca90_0, 0, 5;
    %jmp T_10.1;
T_10.0 ;
    %load/vec4 v0x3d58c9c0_0;
    %flag_set/vec4 8;
    %jmp/0xz  T_10.2, 8;
    %load/vec4 v0x3d58c7e0_0;
    %load/vec4 v0x3d58c8e0_0;
    %inv;
    %add;
    %addi 1, 0, 5;
    %store/vec4 v0x3d58ca90_0, 0, 5;
    %jmp T_10.3;
T_10.2 ;
    %load/vec4 v0x3d58c7e0_0;
    %store/vec4 v0x3d58ca90_0, 0, 5;
T_10.3 ;
T_10.1 ;
    %jmp T_10;
    .thread T_10, $push;
    .scope S_0x3d588cb0;
T_11 ;
    %wait E_0x3d588e90;
    %load/vec4 v0x3d589160_0;
    %flag_set/vec4 8;
    %jmp/0xz  T_11.0, 8;
    %pushi/vec4 0, 0, 5;
    %assign/vec4 v0x3d588fd0_0, 0;
    %jmp T_11.1;
T_11.0 ;
    %load/vec4 v0x3d589090_0;
    %flag_set/vec4 8;
    %jmp/0xz  T_11.2, 8;
    %load/vec4 v0x3d588fd0_0;
    %addi 1, 0, 5;
    %assign/vec4 v0x3d588fd0_0, 0;
T_11.2 ;
T_11.1 ;
    %jmp T_11;
    .thread T_11;
    .scope S_0x3d5892b0;
T_12 ;
    %wait E_0x3d588e90;
    %load/vec4 v0x3d589720_0;
    %flag_set/vec4 8;
    %jmp/0xz  T_12.0, 8;
    %pushi/vec4 0, 0, 5;
    %assign/vec4 v0x3d589580_0, 0;
    %jmp T_12.1;
T_12.0 ;
    %load/vec4 v0x3d589650_0;
    %flag_set/vec4 8;
    %jmp/0xz  T_12.2, 8;
    %load/vec4 v0x3d589580_0;
    %addi 1, 0, 5;
    %assign/vec4 v0x3d589580_0, 0;
T_12.2 ;
T_12.1 ;
    %jmp T_12;
    .thread T_12;
    .scope S_0x3d5643e0;
T_13 ;
    %delay 0, 0;
T_13.0 ;
    %pushi/vec4 0, 0, 1;
    %store/vec4 v0x3d590740_0, 0, 1;
    %delay 20000, 0;
    %pushi/vec4 1, 0, 1;
    %store/vec4 v0x3d590740_0, 0, 1;
    %delay 20000, 0;
    %jmp T_13.0;
T_13.1 ;
    %end;
    .thread T_13;
    .scope S_0x3d5643e0;
T_14 ;
    %delay 0, 0;
    %pushi/vec4 0, 0, 1;
    %store/vec4 v0x3d5909c0_0, 0, 1;
    %pushi/vec4 0, 0, 1;
    %store/vec4 v0x3d590880_0, 0, 1;
    %pushi/vec4 0, 0, 16;
    %store/vec4 v0x3d590550_0, 0, 16;
    %wait E_0x3d5183f0;
    %pushi/vec4 1, 0, 1;
    %store/vec4 v0x3d5909c0_0, 0, 1;
    %wait E_0x3d5183f0;
    %pushi/vec4 0, 0, 1;
    %store/vec4 v0x3d5909c0_0, 0, 1;
    %wait E_0x3d5183f0;
    %pushi/vec4 291, 0, 16;
    %store/vec4 v0x3d590550_0, 0, 16;
    %pushi/vec4 1, 0, 1;
    %store/vec4 v0x3d590880_0, 0, 1;
    %wait E_0x3d5183f0;
    %pushi/vec4 0, 0, 1;
    %store/vec4 v0x3d590880_0, 0, 1;
    %wait E_0x3d53a950;
    %delay 200000, 0;
    %wait E_0x3d5183f0;
    %pushi/vec4 16533, 0, 16;
    %store/vec4 v0x3d590550_0, 0, 16;
    %pushi/vec4 1, 0, 1;
    %store/vec4 v0x3d590880_0, 0, 1;
    %wait E_0x3d5183f0;
    %pushi/vec4 0, 0, 1;
    %store/vec4 v0x3d590880_0, 0, 1;
    %wait E_0x3d53a950;
    %delay 200000, 0;
    %wait E_0x3d5183f0;
    %pushi/vec4 1365, 0, 16;
    %store/vec4 v0x3d590550_0, 0, 16;
    %pushi/vec4 1, 0, 1;
    %store/vec4 v0x3d590880_0, 0, 1;
    %wait E_0x3d5183f0;
    %pushi/vec4 0, 0, 1;
    %store/vec4 v0x3d590880_0, 0, 1;
    %wait E_0x3d53a950;
    %delay 200000, 0;
    %vpi_call 2 63 "$finish" {0 0 0};
    %end;
    .thread T_14;
    .scope S_0x3d5643e0;
T_15 ;
    %fork t_1, S_0x3d567b20;
    %jmp t_0;
    .scope S_0x3d567b20;
t_1 ;
    %vpi_call 2 67 "$dumpfile", "BcdToBin_Top_TB.vcd" {0 0 0};
    %vpi_call 2 68 "$dumpvars", 32'sb11111111111111111111111111111111, S_0x3d5696c0 {0 0 0};
    %delay 200000000, 0;
    %vpi_call 2 69 "$finish" {0 0 0};
    %end;
    .scope S_0x3d5643e0;
t_0 %join;
    %end;
    .thread T_15;
# The file index is used to find the file name in the following table.
:file_names 9;
    "N/A";
    "<interactive>";
    "BcdtoBin_TB.v";
    "BcdtoBin.v";
    "SumadorRestador5_C2.v";
    "comparador.v";
    "contador.v";
    "fsm.v";
    "RegistroBin.v";
# EOF
