#! /usr/bin/env bash
exec /home/angelmcs/miniconda3/envs/digital/bin/vvp -f "$0" "$@" <<'# EOF'
:ivl_version "13.0 (devel)" "(0_8-6859-gf50cc35d2-dirty)";
:ivl_delay_selection "TYPICAL";
:vpi_time_precision - 12;
:vpi_module "/home/angelmcs/miniconda3/envs/digital/lib/ivl/system.vpi";
:vpi_module "/home/angelmcs/miniconda3/envs/digital/lib/ivl/vhdl_sys.vpi";
:vpi_module "/home/angelmcs/miniconda3/envs/digital/lib/ivl/vhdl_textio.vpi";
:vpi_module "/home/angelmcs/miniconda3/envs/digital/lib/ivl/v2005_math.vpi";
:vpi_module "/home/angelmcs/miniconda3/envs/digital/lib/ivl/va_math.vpi";
S_0x25a5a140 .scope module, "Raiz_Top_TB" "Raiz_Top_TB" 2 4;
 .timescale -9 -12;
P_0x25ac0510 .param/real "DUTY_CYCLE" 0 2 26, Cr<m4000000000000000gfc1>; value=0.500000
P_0x25ac0550 .param/l "OFFSET" 0 2 27, +C4<00000000000000000000000000000000>;
P_0x25ac0590 .param/l "PERIOD" 0 2 25, +C4<00000000000000000000000000101000>;
v0x25ae37e0_0 .var "A", 15 0;
v0x25ae3910_0 .net "Raiz", 15 0, v0x25ae1ce0_0;  1 drivers
v0x25ae3a20_0 .var "clk", 0 0;
v0x25ae3ac0_0 .net "done", 0 0, v0x25ae08b0_0;  1 drivers
v0x25ae3b60_0 .var "init", 0 0;
v0x25ae3ca0_0 .var "reset", 0 0;
E_0x25a9a1c0 .event posedge, v0x25adfa50_0;
S_0x25a5a3c0 .scope begin, "TEST_CASE" "TEST_CASE" 2 77, 2 77 0, S_0x25a5a140;
 .timescale -9 -12;
S_0x25ab0c80 .scope module, "uut" "Raiz_Top" 2 15, 3 1 0, S_0x25a5a140;
 .timescale -9 -12;
    .port_info 0 /INPUT 1 "clk";
    .port_info 1 /INPUT 1 "reset";
    .port_info 2 /INPUT 1 "init";
    .port_info 3 /INPUT 16 "A";
    .port_info 4 /OUTPUT 16 "Raiz";
    .port_info 5 /OUTPUT 1 "done";
v0x25ae2250_0 .net "A", 15 0, v0x25ae37e0_0;  1 drivers
v0x25ae2330_0 .net "Aextreg", 16 0, v0x25ae13d0_0;  1 drivers
v0x25ae2420_0 .net "Raiz", 15 0, v0x25ae1ce0_0;  alias, 1 drivers
v0x25ae24c0_0 .net "Residuo", 16 0, v0x25abb200_0;  1 drivers
v0x25ae25b0_0 .net "Residuo_16", 0 0, L_0x25af4250;  1 drivers
v0x25ae26a0_0 .net "Test_Val", 16 0, L_0x25af40c0;  1 drivers
v0x25ae2740_0 .net *"_ivl_0", 16 0, L_0x25ae3d90;  1 drivers
L_0x78b5aceab0a8 .functor BUFT 1, C4<00000000000000001>, C4<0>, C4<0>, C4<0>;
v0x25ae2800_0 .net/2u *"_ivl_10", 16 0, L_0x78b5aceab0a8;  1 drivers
L_0x78b5aceab0f0 .functor BUFT 1, C4<00000000000000000000000000000000>, C4<0>, C4<0>, C4<0>;
v0x25ae28e0_0 .net/2s *"_ivl_16", 31 0, L_0x78b5aceab0f0;  1 drivers
L_0x78b5aceab018 .functor BUFT 1, C4<0>, C4<0>, C4<0>, C4<0>;
v0x25ae2a50_0 .net *"_ivl_3", 0 0, L_0x78b5aceab018;  1 drivers
v0x25ae2b30_0 .net *"_ivl_4", 16 0, L_0x25ae3f70;  1 drivers
v0x25ae2c10_0 .net *"_ivl_6", 15 0, L_0x25ae3e80;  1 drivers
L_0x78b5aceab060 .functor BUFT 1, C4<0>, C4<0>, C4<0>, C4<0>;
v0x25ae2cf0_0 .net *"_ivl_8", 0 0, L_0x78b5aceab060;  1 drivers
v0x25ae2dd0_0 .net "agg", 0 0, v0x25ae0600_0;  1 drivers
v0x25ae2e70_0 .net "c", 0 0, L_0x25af44c0;  1 drivers
v0x25ae2f10_0 .net "clk", 0 0, v0x25ae3a20_0;  1 drivers
v0x25ae2fb0_0 .net "count_w", 4 0, v0x25adf980_0;  1 drivers
v0x25ae30c0_0 .net "done", 0 0, v0x25ae08b0_0;  alias, 1 drivers
v0x25ae31b0_0 .net "i_w", 4 0, v0x25adf410_0;  1 drivers
v0x25ae32c0_0 .net "init", 0 0, v0x25ae3b60_0;  1 drivers
v0x25ae3360_0 .net "reset", 0 0, v0x25ae3ca0_0;  1 drivers
v0x25ae3400_0 .net "rst", 0 0, v0x25ae0ae0_0;  1 drivers
v0x25ae34a0_0 .net "shft", 0 0, v0x25ae0bd0_0;  1 drivers
v0x25ae3540_0 .net "sumi", 0 0, v0x25ae0e30_0;  1 drivers
v0x25ae3630_0 .net "zz", 0 0, L_0x25af45b0;  1 drivers
L_0x25ae3d90 .concat [ 16 1 0 0], v0x25ae1ce0_0, L_0x78b5aceab018;
L_0x25ae3e80 .part L_0x25ae3d90, 0, 16;
L_0x25ae3f70 .concat [ 1 16 0 0], L_0x78b5aceab060, L_0x25ae3e80;
L_0x25af40c0 .arith/sum 17, L_0x25ae3f70, L_0x78b5aceab0a8;
L_0x25af4250 .part v0x25abb200_0, 16, 1;
L_0x25af4340 .part L_0x78b5aceab0f0, 0, 1;
S_0x25ab0e60 .scope module, "ALU" "SumadorRestador_C2" 3 41, 4 1 0, S_0x25ab0c80;
 .timescale -9 -12;
    .port_info 0 /INPUT 1 "sum";
    .port_info 1 /INPUT 1 "restar";
    .port_info 2 /INPUT 17 "Aext";
    .port_info 3 /INPUT 17 "B";
    .port_info 4 /OUTPUT 17 "result";
v0x25ac0fb0_0 .net "Aext", 16 0, v0x25ae13d0_0;  alias, 1 drivers
v0x25ac2010_0 .net "B", 16 0, L_0x25af40c0;  alias, 1 drivers
L_0x78b5aceab138 .functor BUFT 1, C4<1>, C4<0>, C4<0>, C4<0>;
v0x25abbe20_0 .net "restar", 0 0, L_0x78b5aceab138;  1 drivers
v0x25abb200_0 .var "result", 16 0;
v0x25a8e020_0 .net "sum", 0 0, L_0x25af4340;  1 drivers
E_0x25ac2a50 .event anyedge, v0x25a8e020_0, v0x25ac0fb0_0, v0x25ac2010_0, v0x25abbe20_0;
S_0x25ade8b0 .scope module, "Comp_I" "comparador" 3 49, 5 1 0, S_0x25ab0c80;
 .timescale -9 -12;
    .port_info 0 /INPUT 5 "in";
    .port_info 1 /INPUT 5 "COMP";
    .port_info 2 /OUTPUT 1 "equal";
L_0x78b5aceab180 .functor BUFT 1, C4<00111>, C4<0>, C4<0>, C4<0>;
v0x25a90bf0_0 .net "COMP", 4 0, L_0x78b5aceab180;  1 drivers
v0x25abea20_0 .net "equal", 0 0, L_0x25af44c0;  alias, 1 drivers
v0x25adeb30_0 .net "in", 4 0, v0x25adf410_0;  alias, 1 drivers
L_0x25af44c0 .cmp/eq 5, v0x25adf410_0, L_0x78b5aceab180;
S_0x25adec70 .scope module, "Comp_Wait" "comparador" 3 57, 5 1 0, S_0x25ab0c80;
 .timescale -9 -12;
    .port_info 0 /INPUT 5 "in";
    .port_info 1 /INPUT 5 "COMP";
    .port_info 2 /OUTPUT 1 "equal";
L_0x78b5aceab1c8 .functor BUFT 1, C4<11011>, C4<0>, C4<0>, C4<0>;
v0x25adee50_0 .net "COMP", 4 0, L_0x78b5aceab1c8;  1 drivers
v0x25adef30_0 .net "equal", 0 0, L_0x25af45b0;  alias, 1 drivers
v0x25adeff0_0 .net "in", 4 0, v0x25adf980_0;  alias, 1 drivers
L_0x25af45b0 .cmp/eq 5, v0x25adf980_0, L_0x78b5aceab1c8;
S_0x25adf130 .scope module, "Contador_I" "contador" 3 45, 6 1 0, S_0x25ab0c80;
 .timescale -9 -12;
    .port_info 0 /INPUT 1 "clk";
    .port_info 1 /INPUT 1 "rst";
    .port_info 2 /INPUT 1 "en";
    .port_info 3 /OUTPUT 5 "count";
v0x25adf330_0 .net "clk", 0 0, v0x25ae3a20_0;  alias, 1 drivers
v0x25adf410_0 .var "count", 4 0;
v0x25adf4d0_0 .net "en", 0 0, v0x25ae0e30_0;  alias, 1 drivers
v0x25adf570_0 .net "rst", 0 0, v0x25ae0ae0_0;  alias, 1 drivers
E_0x25ac2ad0 .event posedge, v0x25adf330_0;
S_0x25adf690 .scope module, "Contador_Wait" "contador" 3 53, 6 1 0, S_0x25ab0c80;
 .timescale -9 -12;
    .port_info 0 /INPUT 1 "clk";
    .port_info 1 /INPUT 1 "rst";
    .port_info 2 /INPUT 1 "en";
    .port_info 3 /OUTPUT 5 "count";
v0x25adf8c0_0 .net "clk", 0 0, v0x25ae3a20_0;  alias, 1 drivers
v0x25adf980_0 .var "count", 4 0;
v0x25adfa50_0 .net "en", 0 0, v0x25ae08b0_0;  alias, 1 drivers
v0x25adfb20_0 .net "rst", 0 0, v0x25ae0ae0_0;  alias, 1 drivers
S_0x25adfc60 .scope module, "ControlUnit" "fsm_raiz" 3 23, 7 1 0, S_0x25ab0c80;
 .timescale -9 -12;
    .port_info 0 /INPUT 1 "clk";
    .port_info 1 /INPUT 1 "init";
    .port_info 2 /INPUT 1 "reset";
    .port_info 3 /INPUT 1 "Residuo_16";
    .port_info 4 /INPUT 1 "c";
    .port_info 5 /INPUT 1 "zz";
    .port_info 6 /OUTPUT 1 "rst";
    .port_info 7 /OUTPUT 1 "shft";
    .port_info 8 /OUTPUT 1 "agg";
    .port_info 9 /OUTPUT 1 "sumi";
    .port_info 10 /OUTPUT 1 "done";
P_0x25adfe40 .param/l "AGGyLD" 0 7 17, +C4<00000000000000000000000000000010>;
P_0x25adfe80 .param/l "DONE" 0 7 19, +C4<00000000000000000000000000000100>;
P_0x25adfec0 .param/l "ESPERAR" 0 7 20, +C4<00000000000000000000000000000101>;
P_0x25adff00 .param/l "SHIFT" 0 7 16, +C4<00000000000000000000000000000001>;
P_0x25adff40 .param/l "START" 0 7 15, +C4<00000000000000000000000000000000>;
P_0x25adff80 .param/l "SUMAR_I" 0 7 18, +C4<00000000000000000000000000000011>;
v0x25ae0520_0 .net "Residuo_16", 0 0, L_0x25af4250;  alias, 1 drivers
v0x25ae0600_0 .var "agg", 0 0;
v0x25ae06c0_0 .net "c", 0 0, L_0x25af44c0;  alias, 1 drivers
v0x25ae07c0_0 .net "clk", 0 0, v0x25ae3a20_0;  alias, 1 drivers
v0x25ae08b0_0 .var "done", 0 0;
v0x25ae09a0_0 .net "init", 0 0, v0x25ae3b60_0;  alias, 1 drivers
v0x25ae0a40_0 .net "reset", 0 0, v0x25ae3ca0_0;  alias, 1 drivers
v0x25ae0ae0_0 .var "rst", 0 0;
v0x25ae0bd0_0 .var "shft", 0 0;
v0x25ae0c70_0 .var "state", 2 0;
v0x25ae0d50_0 .var "state_name", 48 1;
v0x25ae0e30_0 .var "sumi", 0 0;
v0x25ae0ed0_0 .net "zz", 0 0, L_0x25af45b0;  alias, 1 drivers
E_0x25ae04a0 .event anyedge, v0x25ae0c70_0;
S_0x25ae10f0 .scope module, "Reg_Acum" "RegistroAext2" 3 30, 8 1 0, S_0x25ab0c80;
 .timescale -9 -12;
    .port_info 0 /INPUT 1 "clk";
    .port_info 1 /INPUT 1 "rst";
    .port_info 2 /INPUT 1 "shft";
    .port_info 3 /INPUT 1 "upd_Aext";
    .port_info 4 /INPUT 16 "in_A";
    .port_info 5 /INPUT 17 "alu_in";
    .port_info 6 /OUTPUT 17 "Aext";
    .port_info 7 /OUTPUT 16 "A";
v0x25ae12d0_0 .var "A", 15 0;
v0x25ae13d0_0 .var "Aext", 16 0;
v0x25ae14c0_0 .net "alu_in", 16 0, v0x25abb200_0;  alias, 1 drivers
v0x25ae15c0_0 .net "clk", 0 0, v0x25ae3a20_0;  alias, 1 drivers
v0x25ae1660_0 .net "in_A", 15 0, v0x25ae37e0_0;  alias, 1 drivers
v0x25ae1750_0 .net "rst", 0 0, v0x25ae0ae0_0;  alias, 1 drivers
v0x25ae17f0_0 .net "shft", 0 0, v0x25ae0bd0_0;  alias, 1 drivers
v0x25ae1890_0 .net "upd_Aext", 0 0, v0x25ae0600_0;  alias, 1 drivers
S_0x25ae1a70 .scope module, "Reg_Raiz" "RegistroCociente" 3 36, 9 1 0, S_0x25ab0c80;
 .timescale -9 -12;
    .port_info 0 /INPUT 1 "clk";
    .port_info 1 /INPUT 1 "rst";
    .port_info 2 /INPUT 1 "shft";
    .port_info 3 /INPUT 1 "agg";
    .port_info 4 /OUTPUT 16 "C";
v0x25ae1ce0_0 .var "C", 15 0;
v0x25ae1de0_0 .net "agg", 0 0, v0x25ae0600_0;  alias, 1 drivers
v0x25ae1ef0_0 .net "clk", 0 0, v0x25ae3a20_0;  alias, 1 drivers
v0x25ae2020_0 .net "rst", 0 0, v0x25ae0ae0_0;  alias, 1 drivers
v0x25ae2150_0 .net "shft", 0 0, v0x25ae0bd0_0;  alias, 1 drivers
    .scope S_0x25adfc60;
T_0 ;
    %wait E_0x25ac2ad0;
    %load/vec4 v0x25ae0a40_0;
    %flag_set/vec4 8;
    %jmp/0xz  T_0.0, 8;
    %pushi/vec4 0, 0, 3;
    %assign/vec4 v0x25ae0c70_0, 0;
    %jmp T_0.1;
T_0.0 ;
    %load/vec4 v0x25ae0c70_0;
    %dup/vec4;
    %pushi/vec4 0, 0, 3;
    %cmp/u;
    %jmp/1 T_0.2, 6;
    %dup/vec4;
    %pushi/vec4 1, 0, 3;
    %cmp/u;
    %jmp/1 T_0.3, 6;
    %dup/vec4;
    %pushi/vec4 5, 0, 3;
    %cmp/u;
    %jmp/1 T_0.4, 6;
    %dup/vec4;
    %pushi/vec4 2, 0, 3;
    %cmp/u;
    %jmp/1 T_0.5, 6;
    %dup/vec4;
    %pushi/vec4 3, 0, 3;
    %cmp/u;
    %jmp/1 T_0.6, 6;
    %dup/vec4;
    %pushi/vec4 4, 0, 3;
    %cmp/u;
    %jmp/1 T_0.7, 6;
    %pushi/vec4 0, 0, 3;
    %assign/vec4 v0x25ae0c70_0, 0;
    %jmp T_0.9;
T_0.2 ;
    %load/vec4 v0x25ae09a0_0;
    %flag_set/vec4 8;
    %jmp/0xz  T_0.10, 8;
    %pushi/vec4 1, 0, 3;
    %assign/vec4 v0x25ae0c70_0, 0;
    %jmp T_0.11;
T_0.10 ;
    %pushi/vec4 0, 0, 3;
    %assign/vec4 v0x25ae0c70_0, 0;
T_0.11 ;
    %jmp T_0.9;
T_0.3 ;
    %pushi/vec4 5, 0, 3;
    %assign/vec4 v0x25ae0c70_0, 0;
    %jmp T_0.9;
T_0.4 ;
    %load/vec4 v0x25ae0520_0;
    %flag_set/vec4 8;
    %jmp/0xz  T_0.12, 8;
    %pushi/vec4 3, 0, 3;
    %assign/vec4 v0x25ae0c70_0, 0;
    %jmp T_0.13;
T_0.12 ;
    %pushi/vec4 2, 0, 3;
    %assign/vec4 v0x25ae0c70_0, 0;
T_0.13 ;
    %jmp T_0.9;
T_0.5 ;
    %pushi/vec4 3, 0, 3;
    %assign/vec4 v0x25ae0c70_0, 0;
    %jmp T_0.9;
T_0.6 ;
    %load/vec4 v0x25ae06c0_0;
    %flag_set/vec4 8;
    %jmp/0xz  T_0.14, 8;
    %pushi/vec4 4, 0, 3;
    %assign/vec4 v0x25ae0c70_0, 0;
    %jmp T_0.15;
T_0.14 ;
    %pushi/vec4 1, 0, 3;
    %assign/vec4 v0x25ae0c70_0, 0;
T_0.15 ;
    %jmp T_0.9;
T_0.7 ;
    %load/vec4 v0x25ae0ed0_0;
    %flag_set/vec4 8;
    %jmp/0xz  T_0.16, 8;
    %pushi/vec4 0, 0, 3;
    %assign/vec4 v0x25ae0c70_0, 0;
    %jmp T_0.17;
T_0.16 ;
    %pushi/vec4 4, 0, 3;
    %assign/vec4 v0x25ae0c70_0, 0;
T_0.17 ;
    %jmp T_0.9;
T_0.9 ;
    %pop/vec4 1;
T_0.1 ;
    %jmp T_0;
    .thread T_0;
    .scope S_0x25adfc60;
T_1 ;
    %wait E_0x25ae04a0;
    %load/vec4 v0x25ae0c70_0;
    %dup/vec4;
    %pushi/vec4 0, 0, 3;
    %cmp/u;
    %jmp/1 T_1.0, 6;
    %dup/vec4;
    %pushi/vec4 1, 0, 3;
    %cmp/u;
    %jmp/1 T_1.1, 6;
    %dup/vec4;
    %pushi/vec4 2, 0, 3;
    %cmp/u;
    %jmp/1 T_1.2, 6;
    %dup/vec4;
    %pushi/vec4 3, 0, 3;
    %cmp/u;
    %jmp/1 T_1.3, 6;
    %dup/vec4;
    %pushi/vec4 4, 0, 3;
    %cmp/u;
    %jmp/1 T_1.4, 6;
    %dup/vec4;
    %pushi/vec4 5, 0, 3;
    %cmp/u;
    %jmp/1 T_1.5, 6;
    %pushi/vec4 0, 0, 1;
    %store/vec4 v0x25ae0ae0_0, 0, 1;
    %pushi/vec4 0, 0, 1;
    %store/vec4 v0x25ae0bd0_0, 0, 1;
    %pushi/vec4 0, 0, 1;
    %store/vec4 v0x25ae0600_0, 0, 1;
    %pushi/vec4 0, 0, 1;
    %store/vec4 v0x25ae0e30_0, 0, 1;
    %pushi/vec4 0, 0, 1;
    %store/vec4 v0x25ae08b0_0, 0, 1;
    %jmp T_1.7;
T_1.0 ;
    %pushi/vec4 1, 0, 1;
    %store/vec4 v0x25ae0ae0_0, 0, 1;
    %pushi/vec4 0, 0, 1;
    %store/vec4 v0x25ae0bd0_0, 0, 1;
    %pushi/vec4 0, 0, 1;
    %store/vec4 v0x25ae0600_0, 0, 1;
    %pushi/vec4 0, 0, 1;
    %store/vec4 v0x25ae0e30_0, 0, 1;
    %pushi/vec4 0, 0, 1;
    %store/vec4 v0x25ae08b0_0, 0, 1;
    %jmp T_1.7;
T_1.1 ;
    %pushi/vec4 0, 0, 1;
    %store/vec4 v0x25ae0ae0_0, 0, 1;
    %pushi/vec4 1, 0, 1;
    %store/vec4 v0x25ae0bd0_0, 0, 1;
    %pushi/vec4 0, 0, 1;
    %store/vec4 v0x25ae0600_0, 0, 1;
    %pushi/vec4 0, 0, 1;
    %store/vec4 v0x25ae0e30_0, 0, 1;
    %pushi/vec4 0, 0, 1;
    %store/vec4 v0x25ae08b0_0, 0, 1;
    %jmp T_1.7;
T_1.2 ;
    %pushi/vec4 0, 0, 1;
    %store/vec4 v0x25ae0ae0_0, 0, 1;
    %pushi/vec4 0, 0, 1;
    %store/vec4 v0x25ae0bd0_0, 0, 1;
    %pushi/vec4 1, 0, 1;
    %store/vec4 v0x25ae0600_0, 0, 1;
    %pushi/vec4 0, 0, 1;
    %store/vec4 v0x25ae0e30_0, 0, 1;
    %pushi/vec4 0, 0, 1;
    %store/vec4 v0x25ae08b0_0, 0, 1;
    %jmp T_1.7;
T_1.3 ;
    %pushi/vec4 0, 0, 1;
    %store/vec4 v0x25ae0ae0_0, 0, 1;
    %pushi/vec4 0, 0, 1;
    %store/vec4 v0x25ae0bd0_0, 0, 1;
    %pushi/vec4 0, 0, 1;
    %store/vec4 v0x25ae0600_0, 0, 1;
    %pushi/vec4 1, 0, 1;
    %store/vec4 v0x25ae0e30_0, 0, 1;
    %pushi/vec4 0, 0, 1;
    %store/vec4 v0x25ae08b0_0, 0, 1;
    %jmp T_1.7;
T_1.4 ;
    %pushi/vec4 0, 0, 1;
    %store/vec4 v0x25ae0ae0_0, 0, 1;
    %pushi/vec4 0, 0, 1;
    %store/vec4 v0x25ae0bd0_0, 0, 1;
    %pushi/vec4 0, 0, 1;
    %store/vec4 v0x25ae0600_0, 0, 1;
    %pushi/vec4 0, 0, 1;
    %store/vec4 v0x25ae0e30_0, 0, 1;
    %pushi/vec4 1, 0, 1;
    %store/vec4 v0x25ae08b0_0, 0, 1;
    %jmp T_1.7;
T_1.5 ;
    %pushi/vec4 0, 0, 1;
    %store/vec4 v0x25ae0ae0_0, 0, 1;
    %pushi/vec4 0, 0, 1;
    %store/vec4 v0x25ae0bd0_0, 0, 1;
    %pushi/vec4 0, 0, 1;
    %store/vec4 v0x25ae0600_0, 0, 1;
    %pushi/vec4 0, 0, 1;
    %store/vec4 v0x25ae0e30_0, 0, 1;
    %pushi/vec4 0, 0, 1;
    %store/vec4 v0x25ae08b0_0, 0, 1;
    %jmp T_1.7;
T_1.7 ;
    %pop/vec4 1;
    %jmp T_1;
    .thread T_1, $push;
    .scope S_0x25adfc60;
T_2 ;
    %wait E_0x25ae04a0;
    %load/vec4 v0x25ae0c70_0;
    %dup/vec4;
    %pushi/vec4 0, 0, 3;
    %cmp/u;
    %jmp/1 T_2.0, 6;
    %dup/vec4;
    %pushi/vec4 1, 0, 3;
    %cmp/u;
    %jmp/1 T_2.1, 6;
    %dup/vec4;
    %pushi/vec4 2, 0, 3;
    %cmp/u;
    %jmp/1 T_2.2, 6;
    %dup/vec4;
    %pushi/vec4 3, 0, 3;
    %cmp/u;
    %jmp/1 T_2.3, 6;
    %dup/vec4;
    %pushi/vec4 4, 0, 3;
    %cmp/u;
    %jmp/1 T_2.4, 6;
    %pushi/vec4 5461057, 0, 32; draw_string_vec4
    %pushi/vec4 21076, 0, 16; draw_string_vec4
    %concat/vec4; draw_string_vec4
    %store/vec4 v0x25ae0d50_0, 0, 48;
    %jmp T_2.6;
T_2.0 ;
    %pushi/vec4 5461057, 0, 32; draw_string_vec4
    %pushi/vec4 21076, 0, 16; draw_string_vec4
    %concat/vec4; draw_string_vec4
    %store/vec4 v0x25ae0d50_0, 0, 48;
    %jmp T_2.6;
T_2.1 ;
    %pushi/vec4 5457993, 0, 32; draw_string_vec4
    %pushi/vec4 18004, 0, 16; draw_string_vec4
    %concat/vec4; draw_string_vec4
    %store/vec4 v0x25ae0d50_0, 0, 48;
    %jmp T_2.6;
T_2.2 ;
    %pushi/vec4 1095190393, 0, 32; draw_string_vec4
    %pushi/vec4 19524, 0, 16; draw_string_vec4
    %concat/vec4; draw_string_vec4
    %store/vec4 v0x25ae0d50_0, 0, 48;
    %jmp T_2.6;
T_2.3 ;
    %pushi/vec4 2862252708, 0, 33;
    %concati/vec4 24393, 0, 15;
    %store/vec4 v0x25ae0d50_0, 0, 48;
    %jmp T_2.6;
T_2.4 ;
    %pushi/vec4 17487, 0, 32; draw_string_vec4
    %pushi/vec4 20037, 0, 16; draw_string_vec4
    %concat/vec4; draw_string_vec4
    %store/vec4 v0x25ae0d50_0, 0, 48;
    %jmp T_2.6;
T_2.6 ;
    %pop/vec4 1;
    %jmp T_2;
    .thread T_2, $push;
    .scope S_0x25ae10f0;
T_3 ;
    %wait E_0x25ac2ad0;
    %load/vec4 v0x25ae1750_0;
    %flag_set/vec4 8;
    %jmp/0xz  T_3.0, 8;
    %pushi/vec4 0, 0, 17;
    %assign/vec4 v0x25ae13d0_0, 0;
    %load/vec4 v0x25ae1660_0;
    %assign/vec4 v0x25ae12d0_0, 0;
    %jmp T_3.1;
T_3.0 ;
    %load/vec4 v0x25ae17f0_0;
    %flag_set/vec4 8;
    %jmp/0xz  T_3.2, 8;
    %load/vec4 v0x25ae13d0_0;
    %load/vec4 v0x25ae12d0_0;
    %concat/vec4; draw_concat_vec4
    %ix/load 4, 2, 0;
    %flag_set/imm 4, 0;
    %shiftl 4;
    %split/vec4 16;
    %assign/vec4 v0x25ae12d0_0, 0;
    %assign/vec4 v0x25ae13d0_0, 0;
    %jmp T_3.3;
T_3.2 ;
    %load/vec4 v0x25ae1890_0;
    %flag_set/vec4 8;
    %jmp/0xz  T_3.4, 8;
    %load/vec4 v0x25ae14c0_0;
    %assign/vec4 v0x25ae13d0_0, 0;
T_3.4 ;
T_3.3 ;
T_3.1 ;
    %jmp T_3;
    .thread T_3;
    .scope S_0x25ae1a70;
T_4 ;
    %wait E_0x25ac2ad0;
    %load/vec4 v0x25ae2020_0;
    %flag_set/vec4 8;
    %jmp/0xz  T_4.0, 8;
    %pushi/vec4 0, 0, 16;
    %assign/vec4 v0x25ae1ce0_0, 0;
    %jmp T_4.1;
T_4.0 ;
    %load/vec4 v0x25ae2150_0;
    %flag_set/vec4 8;
    %jmp/0xz  T_4.2, 8;
    %load/vec4 v0x25ae1ce0_0;
    %ix/load 4, 1, 0;
    %flag_set/imm 4, 0;
    %shiftl 4;
    %assign/vec4 v0x25ae1ce0_0, 0;
T_4.2 ;
    %load/vec4 v0x25ae1de0_0;
    %flag_set/vec4 8;
    %jmp/0xz  T_4.4, 8;
    %pushi/vec4 1, 0, 1;
    %ix/load 4, 0, 0;
    %ix/load 5, 0, 0;
    %flag_set/imm 4, 0;
    %assign/vec4/off/d v0x25ae1ce0_0, 4, 5;
T_4.4 ;
T_4.1 ;
    %jmp T_4;
    .thread T_4;
    .scope S_0x25ab0e60;
T_5 ;
    %wait E_0x25ac2a50;
    %load/vec4 v0x25a8e020_0;
    %flag_set/vec4 8;
    %jmp/0xz  T_5.0, 8;
    %load/vec4 v0x25ac0fb0_0;
    %load/vec4 v0x25ac2010_0;
    %add;
    %store/vec4 v0x25abb200_0, 0, 17;
    %jmp T_5.1;
T_5.0 ;
    %load/vec4 v0x25abbe20_0;
    %flag_set/vec4 8;
    %jmp/0xz  T_5.2, 8;
    %load/vec4 v0x25ac0fb0_0;
    %load/vec4 v0x25ac2010_0;
    %inv;
    %add;
    %addi 1, 0, 17;
    %store/vec4 v0x25abb200_0, 0, 17;
    %jmp T_5.3;
T_5.2 ;
    %load/vec4 v0x25ac0fb0_0;
    %store/vec4 v0x25abb200_0, 0, 17;
T_5.3 ;
T_5.1 ;
    %jmp T_5;
    .thread T_5, $push;
    .scope S_0x25adf130;
T_6 ;
    %wait E_0x25ac2ad0;
    %load/vec4 v0x25adf570_0;
    %flag_set/vec4 8;
    %jmp/0xz  T_6.0, 8;
    %pushi/vec4 0, 0, 5;
    %assign/vec4 v0x25adf410_0, 0;
    %jmp T_6.1;
T_6.0 ;
    %load/vec4 v0x25adf4d0_0;
    %flag_set/vec4 8;
    %jmp/0xz  T_6.2, 8;
    %load/vec4 v0x25adf410_0;
    %addi 1, 0, 5;
    %assign/vec4 v0x25adf410_0, 0;
T_6.2 ;
T_6.1 ;
    %jmp T_6;
    .thread T_6;
    .scope S_0x25adf690;
T_7 ;
    %wait E_0x25ac2ad0;
    %load/vec4 v0x25adfb20_0;
    %flag_set/vec4 8;
    %jmp/0xz  T_7.0, 8;
    %pushi/vec4 0, 0, 5;
    %assign/vec4 v0x25adf980_0, 0;
    %jmp T_7.1;
T_7.0 ;
    %load/vec4 v0x25adfa50_0;
    %flag_set/vec4 8;
    %jmp/0xz  T_7.2, 8;
    %load/vec4 v0x25adf980_0;
    %addi 1, 0, 5;
    %assign/vec4 v0x25adf980_0, 0;
T_7.2 ;
T_7.1 ;
    %jmp T_7;
    .thread T_7;
    .scope S_0x25a5a140;
T_8 ;
    %delay 0, 0;
T_8.0 ;
    %pushi/vec4 0, 0, 1;
    %store/vec4 v0x25ae3a20_0, 0, 1;
    %delay 20000, 0;
    %pushi/vec4 1, 0, 1;
    %store/vec4 v0x25ae3a20_0, 0, 1;
    %delay 20000, 0;
    %jmp T_8.0;
T_8.1 ;
    %end;
    .thread T_8;
    .scope S_0x25a5a140;
T_9 ;
    %delay 0, 0;
    %pushi/vec4 0, 0, 1;
    %store/vec4 v0x25ae3ca0_0, 0, 1;
    %pushi/vec4 0, 0, 1;
    %store/vec4 v0x25ae3b60_0, 0, 1;
    %pushi/vec4 0, 0, 16;
    %store/vec4 v0x25ae37e0_0, 0, 16;
    %wait E_0x25ac2ad0;
    %pushi/vec4 1, 0, 1;
    %store/vec4 v0x25ae3ca0_0, 0, 1;
    %wait E_0x25ac2ad0;
    %pushi/vec4 0, 0, 1;
    %store/vec4 v0x25ae3ca0_0, 0, 1;
    %wait E_0x25ac2ad0;
    %pushi/vec4 144, 0, 16;
    %store/vec4 v0x25ae37e0_0, 0, 16;
    %pushi/vec4 1, 0, 1;
    %store/vec4 v0x25ae3b60_0, 0, 1;
    %wait E_0x25ac2ad0;
    %pushi/vec4 0, 0, 1;
    %store/vec4 v0x25ae3b60_0, 0, 1;
    %wait E_0x25a9a1c0;
    %delay 2000000, 0;
    %vpi_call 2 62 "$display", "Simulacion de Raiz Cuadrada completada." {0 0 0};
    %vpi_call 2 63 "$display", "Raiz de %d = %d", v0x25ae37e0_0, v0x25ae3910_0 {0 0 0};
    %pushi/vec4 49, 0, 16;
    %store/vec4 v0x25ae37e0_0, 0, 16;
    %pushi/vec4 1, 0, 1;
    %store/vec4 v0x25ae3b60_0, 0, 1;
    %wait E_0x25ac2ad0;
    %pushi/vec4 0, 0, 1;
    %store/vec4 v0x25ae3b60_0, 0, 1;
    %wait E_0x25a9a1c0;
    %delay 2000000, 0;
    %vpi_call 2 73 "$display", "Raiz de %d = %d", v0x25ae37e0_0, v0x25ae3910_0 {0 0 0};
    %end;
    .thread T_9;
    .scope S_0x25a5a140;
T_10 ;
    %fork t_1, S_0x25a5a3c0;
    %jmp t_0;
    .scope S_0x25a5a3c0;
t_1 ;
    %vpi_call 2 78 "$dumpfile", "Raiz_Top_TB.vcd" {0 0 0};
    %vpi_call 2 79 "$dumpvars", 32'sb11111111111111111111111111111111, S_0x25ab0c80 {0 0 0};
    %delay 200000000, 0;
    %vpi_call 2 80 "$finish" {0 0 0};
    %end;
    .scope S_0x25a5a140;
t_0 %join;
    %end;
    .thread T_10;
# The file index is used to find the file name in the following table.
:file_names 10;
    "N/A";
    "<interactive>";
    "RaizCuadrada_TB.v";
    "RaizCuadrada.v";
    "SumadorRestador17_C2/SumadorRestador17_C2.v";
    "comparador/comparador.v";
    "contador/contador.v";
    "fsm/fsm.v";
    "RegistroAext2/RegistroAext2.v";
    "RegistroC/RegistroC.v";
# EOF
