#! /usr/bin/env bash
exec /home/angelmcs/miniconda3/envs/digital/bin/vvp -f "$0" "$@" <<'# EOF'
:ivl_version "13.0 (devel)" "(0_8-6859-gf50cc35d2-dirty)";
:ivl_delay_selection "TYPICAL";
:vpi_time_precision - 12;
:vpi_module "/home/angelmcs/miniconda3/envs/digital/lib/ivl/system.vpi";
:vpi_module "/home/angelmcs/miniconda3/envs/digital/lib/ivl/vhdl_sys.vpi";
:vpi_module "/home/angelmcs/miniconda3/envs/digital/lib/ivl/vhdl_textio.vpi";
:vpi_module "/home/angelmcs/miniconda3/envs/digital/lib/ivl/v2005_math.vpi";
:vpi_module "/home/angelmcs/miniconda3/envs/digital/lib/ivl/va_math.vpi";
S_0x30e39140 .scope module, "Divisor_Top_TB" "Divisor_Top_TB" 2 4;
 .timescale -9 -12;
P_0x30e3a500 .param/real "DUTY_CYCLE" 0 2 28, Cr<m4000000000000000gfc1>; value=0.500000
P_0x30e3a540 .param/l "OFFSET" 0 2 29, +C4<00000000000000000000000000000000>;
P_0x30e3a580 .param/l "PERIOD" 0 2 27, +C4<00000000000000000000000000101000>;
v0x30ebfaf0_0 .var "A", 15 0;
v0x30ebfc20_0 .var "B", 15 0;
v0x30ebfd30_0 .net "Cociente", 15 0, v0x30ebe280_0;  1 drivers
v0x30ebfe20_0 .var "clk", 0 0;
v0x30ebfec0_0 .net "done", 0 0, v0x30ebc4a0_0;  1 drivers
v0x30ebffb0_0 .var "init", 0 0;
v0x30ec00a0_0 .var "reset", 0 0;
E_0x30e79900 .event posedge, v0x30ebb520_0;
S_0x30e393c0 .scope begin, "TEST_CASE" "TEST_CASE" 2 69, 2 69 0, S_0x30e39140;
 .timescale -9 -12;
S_0x30e8e860 .scope module, "uut" "Divisor_Top" 2 16, 3 1 0, S_0x30e39140;
 .timescale -9 -12;
    .port_info 0 /INPUT 1 "clk";
    .port_info 1 /INPUT 1 "reset";
    .port_info 2 /INPUT 1 "init";
    .port_info 3 /INPUT 16 "A";
    .port_info 4 /INPUT 16 "B";
    .port_info 5 /OUTPUT 16 "Cociente";
    .port_info 6 /OUTPUT 1 "done";
L_0x30e70b90 .functor OR 1, v0x30ebcae0_0, v0x30ebc790_0, C4<0>, C4<0>;
v0x30ebe710_0 .net "A", 15 0, v0x30ebfaf0_0;  1 drivers
v0x30ebe7f0_0 .net "Aext", 16 0, v0x30e70ca0_0;  1 drivers
v0x30ebe8e0_0 .net "Aext_16", 0 0, L_0x30ec0190;  1 drivers
v0x30ebe980_0 .net "Aextreg", 16 0, v0x30ebd190_0;  1 drivers
v0x30ebea70_0 .net "Areg", 15 0, v0x30ebd090_0;  1 drivers
v0x30ebeb60_0 .net "B", 15 0, v0x30ebfc20_0;  1 drivers
v0x30ebec00_0 .net "Breg", 16 0, L_0x30ec0330;  1 drivers
v0x30ebecd0_0 .net "Cociente", 15 0, v0x30ebe280_0;  alias, 1 drivers
v0x30ebeda0_0 .net "agg", 0 0, v0x30ebc220_0;  1 drivers
v0x30ebeed0_0 .net "c", 0 0, L_0x30ec0420;  1 drivers
v0x30ebefc0_0 .net "clk", 0 0, v0x30ebfe20_0;  1 drivers
v0x30ebf060_0 .net "count_w", 4 0, v0x30ebb450_0;  1 drivers
v0x30ebf150_0 .net "done", 0 0, v0x30ebc4a0_0;  alias, 1 drivers
v0x30ebf240_0 .net "i_w", 4 0, v0x30ebaee0_0;  1 drivers
v0x30ebf350_0 .net "init", 0 0, v0x30ebffb0_0;  1 drivers
v0x30ebf3f0_0 .net "reset", 0 0, v0x30ec00a0_0;  1 drivers
v0x30ebf490_0 .net "restar", 0 0, v0x30ebc790_0;  1 drivers
v0x30ebf580_0 .net "rst", 0 0, v0x30ebc8c0_0;  1 drivers
v0x30ebf620_0 .net "shft", 0 0, v0x30ebc960_0;  1 drivers
v0x30ebf6c0_0 .net "sum", 0 0, v0x30ebcae0_0;  1 drivers
v0x30ebf7b0_0 .net "sumi", 0 0, v0x30ebcb80_0;  1 drivers
v0x30ebf8a0_0 .net "upd_Aext", 0 0, L_0x30e70b90;  1 drivers
v0x30ebf940_0 .net "zz", 0 0, L_0x30ec0510;  1 drivers
L_0x30ec0190 .part v0x30e70ca0_0, 16, 1;
L_0x30ec0330 .part v0x30ebdc30_0, 0, 17;
S_0x30e8eb30 .scope module, "ALU" "SumadorRestador_C2" 3 42, 4 1 0, S_0x30e8e860;
 .timescale -9 -12;
    .port_info 0 /INPUT 1 "sum";
    .port_info 1 /INPUT 1 "restar";
    .port_info 2 /INPUT 17 "Aext";
    .port_info 3 /INPUT 17 "B";
    .port_info 4 /OUTPUT 17 "result";
v0x30e9d450_0 .net "Aext", 16 0, v0x30ebd190_0;  alias, 1 drivers
v0x30e9da00_0 .net "B", 16 0, L_0x30ec0330;  alias, 1 drivers
v0x30e99300_0 .net "restar", 0 0, v0x30ebc790_0;  alias, 1 drivers
v0x30e70ca0_0 .var "result", 16 0;
v0x30e702a0_0 .net "sum", 0 0, v0x30ebcae0_0;  alias, 1 drivers
E_0x30e9f050 .event anyedge, v0x30e702a0_0, v0x30e9d450_0, v0x30e9da00_0, v0x30e99300_0;
S_0x30eba380 .scope module, "Comp_I" "comparador" 3 50, 5 1 0, S_0x30e8e860;
 .timescale -9 -12;
    .port_info 0 /INPUT 5 "in";
    .port_info 1 /INPUT 5 "COMP";
    .port_info 2 /OUTPUT 1 "equal";
L_0x7b1d59959060 .functor BUFT 1, C4<01111>, C4<0>, C4<0>, C4<0>;
v0x30e6dd50_0 .net "COMP", 4 0, L_0x7b1d59959060;  1 drivers
v0x30e9b430_0 .net "equal", 0 0, L_0x30ec0420;  alias, 1 drivers
v0x30eba600_0 .net "in", 4 0, v0x30ebaee0_0;  alias, 1 drivers
L_0x30ec0420 .cmp/eq 5, v0x30ebaee0_0, L_0x7b1d59959060;
S_0x30eba740 .scope module, "Comp_Wait" "comparador" 3 58, 5 1 0, S_0x30e8e860;
 .timescale -9 -12;
    .port_info 0 /INPUT 5 "in";
    .port_info 1 /INPUT 5 "COMP";
    .port_info 2 /OUTPUT 1 "equal";
L_0x7b1d599590a8 .functor BUFT 1, C4<11011>, C4<0>, C4<0>, C4<0>;
v0x30eba920_0 .net "COMP", 4 0, L_0x7b1d599590a8;  1 drivers
v0x30ebaa00_0 .net "equal", 0 0, L_0x30ec0510;  alias, 1 drivers
v0x30ebaac0_0 .net "in", 4 0, v0x30ebb450_0;  alias, 1 drivers
L_0x30ec0510 .cmp/eq 5, v0x30ebb450_0, L_0x7b1d599590a8;
S_0x30ebac00 .scope module, "Contador_I" "contador" 3 46, 6 1 0, S_0x30e8e860;
 .timescale -9 -12;
    .port_info 0 /INPUT 1 "clk";
    .port_info 1 /INPUT 1 "rst";
    .port_info 2 /INPUT 1 "en";
    .port_info 3 /OUTPUT 5 "count";
v0x30ebae00_0 .net "clk", 0 0, v0x30ebfe20_0;  alias, 1 drivers
v0x30ebaee0_0 .var "count", 4 0;
v0x30ebafa0_0 .net "en", 0 0, v0x30ebcb80_0;  alias, 1 drivers
v0x30ebb040_0 .net "rst", 0 0, v0x30ebc8c0_0;  alias, 1 drivers
E_0x30e9f0d0 .event posedge, v0x30ebae00_0;
S_0x30ebb160 .scope module, "Contador_Wait" "contador" 3 54, 6 1 0, S_0x30e8e860;
 .timescale -9 -12;
    .port_info 0 /INPUT 1 "clk";
    .port_info 1 /INPUT 1 "rst";
    .port_info 2 /INPUT 1 "en";
    .port_info 3 /OUTPUT 5 "count";
v0x30ebb390_0 .net "clk", 0 0, v0x30ebfe20_0;  alias, 1 drivers
v0x30ebb450_0 .var "count", 4 0;
v0x30ebb520_0 .net "en", 0 0, v0x30ebc4a0_0;  alias, 1 drivers
v0x30ebb5f0_0 .net "rst", 0 0, v0x30ebc8c0_0;  alias, 1 drivers
S_0x30ebb730 .scope module, "ControlUnit" "fsm_divisor" 3 24, 7 1 0, S_0x30e8e860;
 .timescale -9 -12;
    .port_info 0 /INPUT 1 "clk";
    .port_info 1 /INPUT 1 "init";
    .port_info 2 /INPUT 1 "reset";
    .port_info 3 /INPUT 1 "Aext_16";
    .port_info 4 /INPUT 1 "c";
    .port_info 5 /INPUT 1 "zz";
    .port_info 6 /OUTPUT 1 "rst";
    .port_info 7 /OUTPUT 1 "shft";
    .port_info 8 /OUTPUT 1 "sum";
    .port_info 9 /OUTPUT 1 "restar";
    .port_info 10 /OUTPUT 1 "agg";
    .port_info 11 /OUTPUT 1 "sumi";
    .port_info 12 /OUTPUT 1 "done";
P_0x30ebb910 .param/l "AGREGARC" 1 7 22, C4<100>;
P_0x30ebb950 .param/l "DONE" 1 7 25, C4<111>;
P_0x30ebb990 .param/l "RESTAR" 1 7 21, C4<011>;
P_0x30ebb9d0 .param/l "SHIFT" 1 7 19, C4<001>;
P_0x30ebba10 .param/l "START" 1 7 18, C4<000>;
P_0x30ebba50 .param/l "SUMAR" 1 7 20, C4<010>;
P_0x30ebba90 .param/l "SUMAR2" 1 7 24, C4<110>;
P_0x30ebbad0 .param/l "SUMAR_I" 1 7 23, C4<101>;
v0x30ebc140_0 .net "Aext_16", 0 0, L_0x30ec0190;  alias, 1 drivers
v0x30ebc220_0 .var "agg", 0 0;
v0x30ebc2e0_0 .net "c", 0 0, L_0x30ec0420;  alias, 1 drivers
v0x30ebc3b0_0 .net "clk", 0 0, v0x30ebfe20_0;  alias, 1 drivers
v0x30ebc4a0_0 .var "done", 0 0;
v0x30ebc590_0 .net "init", 0 0, v0x30ebffb0_0;  alias, 1 drivers
v0x30ebc630_0 .var "next_state", 2 0;
v0x30ebc6d0_0 .net "reset", 0 0, v0x30ec00a0_0;  alias, 1 drivers
v0x30ebc790_0 .var "restar", 0 0;
v0x30ebc8c0_0 .var "rst", 0 0;
v0x30ebc960_0 .var "shft", 0 0;
v0x30ebca00_0 .var "state", 2 0;
v0x30ebcae0_0 .var "sum", 0 0;
v0x30ebcb80_0 .var "sumi", 0 0;
v0x30ebcc50_0 .net "zz", 0 0, L_0x30ec0510;  alias, 1 drivers
E_0x30ebc070 .event anyedge, v0x30ebca00_0;
E_0x30ebc0d0/0 .event anyedge, v0x30ebca00_0, v0x30ebc590_0, v0x30ebc140_0, v0x30e9b430_0;
E_0x30ebc0d0/1 .event anyedge, v0x30ebaa00_0;
E_0x30ebc0d0 .event/or E_0x30ebc0d0/0, E_0x30ebc0d0/1;
S_0x30ebce60 .scope module, "Reg_Aext_A" "RegistroAext" 3 29, 8 1 0, S_0x30e8e860;
 .timescale -9 -12;
    .port_info 0 /INPUT 1 "clk";
    .port_info 1 /INPUT 1 "rst";
    .port_info 2 /INPUT 1 "shft";
    .port_info 3 /INPUT 1 "upd_Aext";
    .port_info 4 /INPUT 16 "in_A";
    .port_info 5 /INPUT 17 "alu_in";
    .port_info 6 /OUTPUT 17 "Aext";
    .port_info 7 /OUTPUT 16 "A";
v0x30ebd090_0 .var "A", 15 0;
v0x30ebd190_0 .var "Aext", 16 0;
v0x30ebd280_0 .net "alu_in", 16 0, v0x30e70ca0_0;  alias, 1 drivers
v0x30ebd380_0 .net "clk", 0 0, v0x30ebfe20_0;  alias, 1 drivers
v0x30ebd420_0 .net "in_A", 15 0, v0x30ebfaf0_0;  alias, 1 drivers
v0x30ebd510_0 .net "rst", 0 0, v0x30ebc8c0_0;  alias, 1 drivers
v0x30ebd5b0_0 .net "shft", 0 0, v0x30ebc960_0;  alias, 1 drivers
v0x30ebd650_0 .net "upd_Aext", 0 0, L_0x30e70b90;  alias, 1 drivers
S_0x30ebd840 .scope module, "Reg_B" "RegistroyShifter" 3 34, 9 1 0, S_0x30e8e860;
 .timescale -9 -12;
    .port_info 0 /INPUT 1 "clk";
    .port_info 1 /INPUT 1 "rst";
    .port_info 2 /INPUT 1 "shft";
    .port_info 3 /INPUT 16 "in";
    .port_info 4 /OUTPUT 32 "in_reg";
v0x30ebda00_0 .net "clk", 0 0, v0x30ebfe20_0;  alias, 1 drivers
v0x30ebdb50_0 .net "in", 15 0, v0x30ebfc20_0;  alias, 1 drivers
v0x30ebdc30_0 .var "in_reg", 31 0;
v0x30ebdd20_0 .net "rst", 0 0, v0x30ebc8c0_0;  alias, 1 drivers
L_0x7b1d59959018 .functor BUFT 1, C4<0>, C4<0>, C4<0>, C4<0>;
v0x30ebde50_0 .net "shft", 0 0, L_0x7b1d59959018;  1 drivers
S_0x30ebdfb0 .scope module, "Reg_C" "RegistroCociente" 3 38, 10 1 0, S_0x30e8e860;
 .timescale -9 -12;
    .port_info 0 /INPUT 1 "clk";
    .port_info 1 /INPUT 1 "rst";
    .port_info 2 /INPUT 1 "shft";
    .port_info 3 /INPUT 1 "agg";
    .port_info 4 /OUTPUT 16 "C";
v0x30ebe280_0 .var "C", 15 0;
v0x30ebe380_0 .net "agg", 0 0, v0x30ebc220_0;  alias, 1 drivers
v0x30ebe470_0 .net "clk", 0 0, v0x30ebfe20_0;  alias, 1 drivers
v0x30ebe540_0 .net "rst", 0 0, v0x30ebc8c0_0;  alias, 1 drivers
v0x30ebe5e0_0 .net "shft", 0 0, v0x30ebc960_0;  alias, 1 drivers
    .scope S_0x30ebb730;
T_0 ;
    %wait E_0x30ebc0d0;
    %load/vec4 v0x30ebca00_0;
    %store/vec4 v0x30ebc630_0, 0, 3;
    %load/vec4 v0x30ebca00_0;
    %dup/vec4;
    %pushi/vec4 0, 0, 3;
    %cmp/u;
    %jmp/1 T_0.0, 6;
    %dup/vec4;
    %pushi/vec4 1, 0, 3;
    %cmp/u;
    %jmp/1 T_0.1, 6;
    %dup/vec4;
    %pushi/vec4 2, 0, 3;
    %cmp/u;
    %jmp/1 T_0.2, 6;
    %dup/vec4;
    %pushi/vec4 3, 0, 3;
    %cmp/u;
    %jmp/1 T_0.3, 6;
    %dup/vec4;
    %pushi/vec4 4, 0, 3;
    %cmp/u;
    %jmp/1 T_0.4, 6;
    %dup/vec4;
    %pushi/vec4 5, 0, 3;
    %cmp/u;
    %jmp/1 T_0.5, 6;
    %dup/vec4;
    %pushi/vec4 6, 0, 3;
    %cmp/u;
    %jmp/1 T_0.6, 6;
    %dup/vec4;
    %pushi/vec4 7, 0, 3;
    %cmp/u;
    %jmp/1 T_0.7, 6;
    %pushi/vec4 0, 0, 3;
    %store/vec4 v0x30ebc630_0, 0, 3;
    %jmp T_0.9;
T_0.0 ;
    %load/vec4 v0x30ebc590_0;
    %flag_set/vec4 8;
    %jmp/0 T_0.10, 8;
    %pushi/vec4 1, 0, 3;
    %jmp/1 T_0.11, 8;
T_0.10 ; End of true expr.
    %pushi/vec4 0, 0, 3;
    %jmp/0 T_0.11, 8;
 ; End of false expr.
    %blend;
T_0.11;
    %store/vec4 v0x30ebc630_0, 0, 3;
    %jmp T_0.9;
T_0.1 ;
    %load/vec4 v0x30ebc140_0;
    %flag_set/vec4 8;
    %jmp/0 T_0.12, 8;
    %pushi/vec4 2, 0, 3;
    %jmp/1 T_0.13, 8;
T_0.12 ; End of true expr.
    %pushi/vec4 3, 0, 3;
    %jmp/0 T_0.13, 8;
 ; End of false expr.
    %blend;
T_0.13;
    %store/vec4 v0x30ebc630_0, 0, 3;
    %jmp T_0.9;
T_0.2 ;
    %load/vec4 v0x30ebc140_0;
    %flag_set/vec4 8;
    %jmp/0 T_0.14, 8;
    %pushi/vec4 5, 0, 3;
    %jmp/1 T_0.15, 8;
T_0.14 ; End of true expr.
    %pushi/vec4 4, 0, 3;
    %jmp/0 T_0.15, 8;
 ; End of false expr.
    %blend;
T_0.15;
    %store/vec4 v0x30ebc630_0, 0, 3;
    %jmp T_0.9;
T_0.3 ;
    %load/vec4 v0x30ebc140_0;
    %flag_set/vec4 8;
    %jmp/0 T_0.16, 8;
    %pushi/vec4 5, 0, 3;
    %jmp/1 T_0.17, 8;
T_0.16 ; End of true expr.
    %pushi/vec4 4, 0, 3;
    %jmp/0 T_0.17, 8;
 ; End of false expr.
    %blend;
T_0.17;
    %store/vec4 v0x30ebc630_0, 0, 3;
    %jmp T_0.9;
T_0.4 ;
    %pushi/vec4 5, 0, 3;
    %store/vec4 v0x30ebc630_0, 0, 3;
    %jmp T_0.9;
T_0.5 ;
    %load/vec4 v0x30ebc2e0_0;
    %inv;
    %flag_set/vec4 8;
    %jmp/0xz  T_0.18, 8;
    %pushi/vec4 1, 0, 3;
    %store/vec4 v0x30ebc630_0, 0, 3;
    %jmp T_0.19;
T_0.18 ;
    %load/vec4 v0x30ebc140_0;
    %flag_set/vec4 8;
    %jmp/0 T_0.20, 8;
    %pushi/vec4 6, 0, 3;
    %jmp/1 T_0.21, 8;
T_0.20 ; End of true expr.
    %pushi/vec4 7, 0, 3;
    %jmp/0 T_0.21, 8;
 ; End of false expr.
    %blend;
T_0.21;
    %store/vec4 v0x30ebc630_0, 0, 3;
T_0.19 ;
    %jmp T_0.9;
T_0.6 ;
    %pushi/vec4 7, 0, 3;
    %store/vec4 v0x30ebc630_0, 0, 3;
    %jmp T_0.9;
T_0.7 ;
    %load/vec4 v0x30ebcc50_0;
    %flag_set/vec4 8;
    %jmp/0 T_0.22, 8;
    %pushi/vec4 0, 0, 3;
    %jmp/1 T_0.23, 8;
T_0.22 ; End of true expr.
    %pushi/vec4 7, 0, 3;
    %jmp/0 T_0.23, 8;
 ; End of false expr.
    %blend;
T_0.23;
    %store/vec4 v0x30ebc630_0, 0, 3;
    %jmp T_0.9;
T_0.9 ;
    %pop/vec4 1;
    %jmp T_0;
    .thread T_0, $push;
    .scope S_0x30ebb730;
T_1 ;
    %wait E_0x30e9f0d0;
    %load/vec4 v0x30ebc6d0_0;
    %flag_set/vec4 8;
    %jmp/0xz  T_1.0, 8;
    %pushi/vec4 0, 0, 3;
    %assign/vec4 v0x30ebca00_0, 0;
    %jmp T_1.1;
T_1.0 ;
    %load/vec4 v0x30ebc630_0;
    %assign/vec4 v0x30ebca00_0, 0;
T_1.1 ;
    %jmp T_1;
    .thread T_1;
    .scope S_0x30ebb730;
T_2 ;
    %wait E_0x30ebc070;
    %pushi/vec4 0, 0, 1;
    %store/vec4 v0x30ebc8c0_0, 0, 1;
    %pushi/vec4 0, 0, 1;
    %store/vec4 v0x30ebc960_0, 0, 1;
    %pushi/vec4 0, 0, 1;
    %store/vec4 v0x30ebcae0_0, 0, 1;
    %pushi/vec4 0, 0, 1;
    %store/vec4 v0x30ebc790_0, 0, 1;
    %pushi/vec4 0, 0, 1;
    %store/vec4 v0x30ebc220_0, 0, 1;
    %pushi/vec4 0, 0, 1;
    %store/vec4 v0x30ebcb80_0, 0, 1;
    %pushi/vec4 0, 0, 1;
    %store/vec4 v0x30ebc4a0_0, 0, 1;
    %load/vec4 v0x30ebca00_0;
    %dup/vec4;
    %pushi/vec4 0, 0, 3;
    %cmp/u;
    %jmp/1 T_2.0, 6;
    %dup/vec4;
    %pushi/vec4 1, 0, 3;
    %cmp/u;
    %jmp/1 T_2.1, 6;
    %dup/vec4;
    %pushi/vec4 2, 0, 3;
    %cmp/u;
    %jmp/1 T_2.2, 6;
    %dup/vec4;
    %pushi/vec4 3, 0, 3;
    %cmp/u;
    %jmp/1 T_2.3, 6;
    %dup/vec4;
    %pushi/vec4 4, 0, 3;
    %cmp/u;
    %jmp/1 T_2.4, 6;
    %dup/vec4;
    %pushi/vec4 5, 0, 3;
    %cmp/u;
    %jmp/1 T_2.5, 6;
    %dup/vec4;
    %pushi/vec4 6, 0, 3;
    %cmp/u;
    %jmp/1 T_2.6, 6;
    %dup/vec4;
    %pushi/vec4 7, 0, 3;
    %cmp/u;
    %jmp/1 T_2.7, 6;
    %jmp T_2.8;
T_2.0 ;
    %pushi/vec4 1, 0, 1;
    %store/vec4 v0x30ebc8c0_0, 0, 1;
    %jmp T_2.8;
T_2.1 ;
    %pushi/vec4 1, 0, 1;
    %store/vec4 v0x30ebc960_0, 0, 1;
    %jmp T_2.8;
T_2.2 ;
    %pushi/vec4 1, 0, 1;
    %store/vec4 v0x30ebcae0_0, 0, 1;
    %jmp T_2.8;
T_2.3 ;
    %pushi/vec4 1, 0, 1;
    %store/vec4 v0x30ebc790_0, 0, 1;
    %jmp T_2.8;
T_2.4 ;
    %pushi/vec4 1, 0, 1;
    %store/vec4 v0x30ebc220_0, 0, 1;
    %jmp T_2.8;
T_2.5 ;
    %pushi/vec4 1, 0, 1;
    %store/vec4 v0x30ebcb80_0, 0, 1;
    %jmp T_2.8;
T_2.6 ;
    %pushi/vec4 1, 0, 1;
    %store/vec4 v0x30ebcae0_0, 0, 1;
    %jmp T_2.8;
T_2.7 ;
    %pushi/vec4 1, 0, 1;
    %store/vec4 v0x30ebc4a0_0, 0, 1;
    %jmp T_2.8;
T_2.8 ;
    %pop/vec4 1;
    %jmp T_2;
    .thread T_2, $push;
    .scope S_0x30ebce60;
T_3 ;
    %wait E_0x30e9f0d0;
    %load/vec4 v0x30ebd510_0;
    %flag_set/vec4 8;
    %jmp/0xz  T_3.0, 8;
    %pushi/vec4 0, 0, 17;
    %assign/vec4 v0x30ebd190_0, 0;
    %load/vec4 v0x30ebd420_0;
    %assign/vec4 v0x30ebd090_0, 0;
    %jmp T_3.1;
T_3.0 ;
    %load/vec4 v0x30ebd5b0_0;
    %flag_set/vec4 8;
    %jmp/0xz  T_3.2, 8;
    %load/vec4 v0x30ebd190_0;
    %load/vec4 v0x30ebd090_0;
    %concat/vec4; draw_concat_vec4
    %ix/load 4, 1, 0;
    %flag_set/imm 4, 0;
    %shiftl 4;
    %split/vec4 16;
    %assign/vec4 v0x30ebd090_0, 0;
    %assign/vec4 v0x30ebd190_0, 0;
    %jmp T_3.3;
T_3.2 ;
    %load/vec4 v0x30ebd650_0;
    %flag_set/vec4 8;
    %jmp/0xz  T_3.4, 8;
    %load/vec4 v0x30ebd280_0;
    %assign/vec4 v0x30ebd190_0, 0;
T_3.4 ;
T_3.3 ;
T_3.1 ;
    %jmp T_3;
    .thread T_3;
    .scope S_0x30ebd840;
T_4 ;
    %wait E_0x30e9f0d0;
    %load/vec4 v0x30ebdd20_0;
    %flag_set/vec4 8;
    %jmp/0xz  T_4.0, 8;
    %load/vec4 v0x30ebdb50_0;
    %pad/u 32;
    %assign/vec4 v0x30ebdc30_0, 0;
    %jmp T_4.1;
T_4.0 ;
    %load/vec4 v0x30ebde50_0;
    %flag_set/vec4 8;
    %jmp/0xz  T_4.2, 8;
    %load/vec4 v0x30ebdc30_0;
    %parti/s 31, 0, 2;
    %concati/vec4 0, 0, 1;
    %assign/vec4 v0x30ebdc30_0, 0;
T_4.2 ;
T_4.1 ;
    %jmp T_4;
    .thread T_4;
    .scope S_0x30ebdfb0;
T_5 ;
    %wait E_0x30e9f0d0;
    %load/vec4 v0x30ebe540_0;
    %flag_set/vec4 8;
    %jmp/0xz  T_5.0, 8;
    %pushi/vec4 0, 0, 16;
    %assign/vec4 v0x30ebe280_0, 0;
    %jmp T_5.1;
T_5.0 ;
    %load/vec4 v0x30ebe5e0_0;
    %flag_set/vec4 8;
    %jmp/0xz  T_5.2, 8;
    %load/vec4 v0x30ebe280_0;
    %ix/load 4, 1, 0;
    %flag_set/imm 4, 0;
    %shiftl 4;
    %assign/vec4 v0x30ebe280_0, 0;
T_5.2 ;
    %load/vec4 v0x30ebe380_0;
    %flag_set/vec4 8;
    %jmp/0xz  T_5.4, 8;
    %pushi/vec4 1, 0, 1;
    %ix/load 4, 0, 0;
    %ix/load 5, 0, 0;
    %flag_set/imm 4, 0;
    %assign/vec4/off/d v0x30ebe280_0, 4, 5;
T_5.4 ;
T_5.1 ;
    %jmp T_5;
    .thread T_5;
    .scope S_0x30e8eb30;
T_6 ;
    %wait E_0x30e9f050;
    %load/vec4 v0x30e702a0_0;
    %flag_set/vec4 8;
    %jmp/0xz  T_6.0, 8;
    %load/vec4 v0x30e9d450_0;
    %load/vec4 v0x30e9da00_0;
    %add;
    %store/vec4 v0x30e70ca0_0, 0, 17;
    %jmp T_6.1;
T_6.0 ;
    %load/vec4 v0x30e99300_0;
    %flag_set/vec4 8;
    %jmp/0xz  T_6.2, 8;
    %load/vec4 v0x30e9d450_0;
    %load/vec4 v0x30e9da00_0;
    %inv;
    %add;
    %addi 1, 0, 17;
    %store/vec4 v0x30e70ca0_0, 0, 17;
    %jmp T_6.3;
T_6.2 ;
    %load/vec4 v0x30e9d450_0;
    %store/vec4 v0x30e70ca0_0, 0, 17;
T_6.3 ;
T_6.1 ;
    %jmp T_6;
    .thread T_6, $push;
    .scope S_0x30ebac00;
T_7 ;
    %wait E_0x30e9f0d0;
    %load/vec4 v0x30ebb040_0;
    %flag_set/vec4 8;
    %jmp/0xz  T_7.0, 8;
    %pushi/vec4 0, 0, 5;
    %assign/vec4 v0x30ebaee0_0, 0;
    %jmp T_7.1;
T_7.0 ;
    %load/vec4 v0x30ebafa0_0;
    %flag_set/vec4 8;
    %jmp/0xz  T_7.2, 8;
    %load/vec4 v0x30ebaee0_0;
    %addi 1, 0, 5;
    %assign/vec4 v0x30ebaee0_0, 0;
T_7.2 ;
T_7.1 ;
    %jmp T_7;
    .thread T_7;
    .scope S_0x30ebb160;
T_8 ;
    %wait E_0x30e9f0d0;
    %load/vec4 v0x30ebb5f0_0;
    %flag_set/vec4 8;
    %jmp/0xz  T_8.0, 8;
    %pushi/vec4 0, 0, 5;
    %assign/vec4 v0x30ebb450_0, 0;
    %jmp T_8.1;
T_8.0 ;
    %load/vec4 v0x30ebb520_0;
    %flag_set/vec4 8;
    %jmp/0xz  T_8.2, 8;
    %load/vec4 v0x30ebb450_0;
    %addi 1, 0, 5;
    %assign/vec4 v0x30ebb450_0, 0;
T_8.2 ;
T_8.1 ;
    %jmp T_8;
    .thread T_8;
    .scope S_0x30e39140;
T_9 ;
    %delay 0, 0;
T_9.0 ;
    %pushi/vec4 0, 0, 1;
    %store/vec4 v0x30ebfe20_0, 0, 1;
    %delay 20000, 0;
    %pushi/vec4 1, 0, 1;
    %store/vec4 v0x30ebfe20_0, 0, 1;
    %delay 20000, 0;
    %jmp T_9.0;
T_9.1 ;
    %end;
    .thread T_9;
    .scope S_0x30e39140;
T_10 ;
    %delay 0, 0;
    %pushi/vec4 0, 0, 1;
    %store/vec4 v0x30ec00a0_0, 0, 1;
    %pushi/vec4 0, 0, 1;
    %store/vec4 v0x30ebffb0_0, 0, 1;
    %pushi/vec4 0, 0, 16;
    %store/vec4 v0x30ebfaf0_0, 0, 16;
    %pushi/vec4 0, 0, 16;
    %store/vec4 v0x30ebfc20_0, 0, 16;
    %wait E_0x30e9f0d0;
    %pushi/vec4 1, 0, 1;
    %store/vec4 v0x30ec00a0_0, 0, 1;
    %wait E_0x30e9f0d0;
    %pushi/vec4 0, 0, 1;
    %store/vec4 v0x30ec00a0_0, 0, 1;
    %wait E_0x30e9f0d0;
    %pushi/vec4 100, 0, 16;
    %store/vec4 v0x30ebfaf0_0, 0, 16;
    %pushi/vec4 5, 0, 16;
    %store/vec4 v0x30ebfc20_0, 0, 16;
    %pushi/vec4 1, 0, 1;
    %store/vec4 v0x30ebffb0_0, 0, 1;
    %wait E_0x30e9f0d0;
    %pushi/vec4 0, 0, 1;
    %store/vec4 v0x30ebffb0_0, 0, 1;
    %wait E_0x30e79900;
    %delay 2000000, 0;
    %vpi_call 2 65 "$display", "Simulacion del Divisor completada." {0 0 0};
    %vpi_call 2 66 "$display", "Operacion: %d / %d = %d", v0x30ebfaf0_0, v0x30ebfc20_0, v0x30ebfd30_0 {0 0 0};
    %end;
    .thread T_10;
    .scope S_0x30e39140;
T_11 ;
    %fork t_1, S_0x30e393c0;
    %jmp t_0;
    .scope S_0x30e393c0;
t_1 ;
    %vpi_call 2 70 "$dumpfile", "Divisor_TB.vcd" {0 0 0};
    %vpi_call 2 71 "$dumpvars", 32'sb11111111111111111111111111111111, S_0x30e8e860 {0 0 0};
    %delay 100000000, 0;
    %vpi_call 2 72 "$finish" {0 0 0};
    %end;
    .scope S_0x30e39140;
t_0 %join;
    %end;
    .thread T_11;
# The file index is used to find the file name in the following table.
:file_names 11;
    "N/A";
    "<interactive>";
    "Divisor_TB.v";
    "Divisor.v";
    "SumadorRestador17_C2/SumadorRestador17_C2.v";
    "comparador/comparador.v";
    "contador/contador.v";
    "control_unit/control_unit.v";
    "RegistroAext/RegistroAext.v";
    "RegistroyShifter/RegistroyShifter.v";
    "RegistroC/RegistroC.v";
# EOF
